gcc-9.3.0 loaded successful
/var/spool/slurmd/job228821/slurm_script: line 4: activate: No such file or directory
running install
/ailab/user/wangxuhong/.conda/envs/occformer/lib/python3.7/site-packages/setuptools/command/install.py:37: SetuptoolsDeprecationWarning: setup.py install is deprecated. Use build and pip and other standards-based tools.
  setuptools.SetuptoolsDeprecationWarning,
/ailab/user/wangxuhong/.conda/envs/occformer/lib/python3.7/site-packages/setuptools/command/easy_install.py:147: EasyInstallDeprecationWarning: easy_install command is deprecated. Use build and pip and other standards-based tools.
  EasyInstallDeprecationWarning,
running bdist_egg
running egg_info
creating mmdet3d.egg-info
writing mmdet3d.egg-info/PKG-INFO
writing dependency_links to mmdet3d.egg-info/dependency_links.txt
writing requirements to mmdet3d.egg-info/requires.txt
writing top-level names to mmdet3d.egg-info/top_level.txt
writing manifest file 'mmdet3d.egg-info/SOURCES.txt'
reading manifest file 'mmdet3d.egg-info/SOURCES.txt'
reading manifest template 'MANIFEST.in'
warning: no files found matching '*.cpp' under directory 'mmdet3d/.mim/ops'
warning: no files found matching '*.cu' under directory 'mmdet3d/.mim/ops'
warning: no files found matching '*.h' under directory 'mmdet3d/.mim/ops'
warning: no files found matching '*.cc' under directory 'mmdet3d/.mim/ops'
adding license file 'LICENSE'
writing manifest file 'mmdet3d.egg-info/SOURCES.txt'
installing library code to build/bdist.linux-x86_64/egg
running install_lib
running build_py
creating build
creating build/lib.linux-x86_64-cpython-37
creating build/lib.linux-x86_64-cpython-37/mmdet3d
copying mmdet3d/version.py -> build/lib.linux-x86_64-cpython-37/mmdet3d
copying mmdet3d/__init__.py -> build/lib.linux-x86_64-cpython-37/mmdet3d
creating build/lib.linux-x86_64-cpython-37/mmdet3d/utils
copying mmdet3d/utils/collect_env.py -> build/lib.linux-x86_64-cpython-37/mmdet3d/utils
copying mmdet3d/utils/logger.py -> build/lib.linux-x86_64-cpython-37/mmdet3d/utils
copying mmdet3d/utils/__init__.py -> build/lib.linux-x86_64-cpython-37/mmdet3d/utils
creating build/lib.linux-x86_64-cpython-37/mmdet3d/core
copying mmdet3d/core/__init__.py -> build/lib.linux-x86_64-cpython-37/mmdet3d/core
creating build/lib.linux-x86_64-cpython-37/mmdet3d/datasets
copying mmdet3d/datasets/scannet_dataset.py -> build/lib.linux-x86_64-cpython-37/mmdet3d/datasets
copying mmdet3d/datasets/dataset_wrappers.py -> build/lib.linux-x86_64-cpython-37/mmdet3d/datasets
copying mmdet3d/datasets/custom_3d_seg.py -> build/lib.linux-x86_64-cpython-37/mmdet3d/datasets
copying mmdet3d/datasets/nuscenes_dataset.py -> build/lib.linux-x86_64-cpython-37/mmdet3d/datasets
copying mmdet3d/datasets/sunrgbd_dataset.py -> build/lib.linux-x86_64-cpython-37/mmdet3d/datasets
copying mmdet3d/datasets/s3dis_dataset.py -> build/lib.linux-x86_64-cpython-37/mmdet3d/datasets
copying mmdet3d/datasets/lyft_dataset.py -> build/lib.linux-x86_64-cpython-37/mmdet3d/datasets
copying mmdet3d/datasets/waymo_dataset.py -> build/lib.linux-x86_64-cpython-37/mmdet3d/datasets
copying mmdet3d/datasets/utils.py -> build/lib.linux-x86_64-cpython-37/mmdet3d/datasets
copying mmdet3d/datasets/kitti2d_dataset.py -> build/lib.linux-x86_64-cpython-37/mmdet3d/datasets
copying mmdet3d/datasets/kitti_dataset.py -> build/lib.linux-x86_64-cpython-37/mmdet3d/datasets
copying mmdet3d/datasets/__init__.py -> build/lib.linux-x86_64-cpython-37/mmdet3d/datasets
copying mmdet3d/datasets/custom_3d.py -> build/lib.linux-x86_64-cpython-37/mmdet3d/datasets
copying mmdet3d/datasets/nuscenes_mono_dataset.py -> build/lib.linux-x86_64-cpython-37/mmdet3d/datasets
copying mmdet3d/datasets/builder.py -> build/lib.linux-x86_64-cpython-37/mmdet3d/datasets
copying mmdet3d/datasets/semantickitti_dataset.py -> build/lib.linux-x86_64-cpython-37/mmdet3d/datasets
copying mmdet3d/datasets/kitti_mono_dataset.py -> build/lib.linux-x86_64-cpython-37/mmdet3d/datasets
creating build/lib.linux-x86_64-cpython-37/mmdet3d/ops
copying mmdet3d/ops/sparse_block.py -> build/lib.linux-x86_64-cpython-37/mmdet3d/ops
copying mmdet3d/ops/__init__.py -> build/lib.linux-x86_64-cpython-37/mmdet3d/ops
copying mmdet3d/ops/norm.py -> build/lib.linux-x86_64-cpython-37/mmdet3d/ops
creating build/lib.linux-x86_64-cpython-37/mmdet3d/apis
copying mmdet3d/apis/test.py -> build/lib.linux-x86_64-cpython-37/mmdet3d/apis
copying mmdet3d/apis/inference.py -> build/lib.linux-x86_64-cpython-37/mmdet3d/apis
copying mmdet3d/apis/train.py -> build/lib.linux-x86_64-cpython-37/mmdet3d/apis
copying mmdet3d/apis/__init__.py -> build/lib.linux-x86_64-cpython-37/mmdet3d/apis
creating build/lib.linux-x86_64-cpython-37/mmdet3d/models
copying mmdet3d/models/__init__.py -> build/lib.linux-x86_64-cpython-37/mmdet3d/models
copying mmdet3d/models/builder.py -> build/lib.linux-x86_64-cpython-37/mmdet3d/models
creating build/lib.linux-x86_64-cpython-37/mmdet3d/core/utils
copying mmdet3d/core/utils/__init__.py -> build/lib.linux-x86_64-cpython-37/mmdet3d/core/utils
copying mmdet3d/core/utils/gaussian.py -> build/lib.linux-x86_64-cpython-37/mmdet3d/core/utils
creating build/lib.linux-x86_64-cpython-37/mmdet3d/core/evaluation
copying mmdet3d/core/evaluation/seg_eval.py -> build/lib.linux-x86_64-cpython-37/mmdet3d/core/evaluation
copying mmdet3d/core/evaluation/indoor_eval.py -> build/lib.linux-x86_64-cpython-37/mmdet3d/core/evaluation
copying mmdet3d/core/evaluation/lyft_eval.py -> build/lib.linux-x86_64-cpython-37/mmdet3d/core/evaluation
copying mmdet3d/core/evaluation/__init__.py -> build/lib.linux-x86_64-cpython-37/mmdet3d/core/evaluation
creating build/lib.linux-x86_64-cpython-37/mmdet3d/core/voxel
copying mmdet3d/core/voxel/__init__.py -> build/lib.linux-x86_64-cpython-37/mmdet3d/core/voxel
copying mmdet3d/core/voxel/voxel_generator.py -> build/lib.linux-x86_64-cpython-37/mmdet3d/core/voxel
copying mmdet3d/core/voxel/builder.py -> build/lib.linux-x86_64-cpython-37/mmdet3d/core/voxel
creating build/lib.linux-x86_64-cpython-37/mmdet3d/core/points
copying mmdet3d/core/points/depth_points.py -> build/lib.linux-x86_64-cpython-37/mmdet3d/core/points
copying mmdet3d/core/points/cam_points.py -> build/lib.linux-x86_64-cpython-37/mmdet3d/core/points
copying mmdet3d/core/points/__init__.py -> build/lib.linux-x86_64-cpython-37/mmdet3d/core/points
copying mmdet3d/core/points/base_points.py -> build/lib.linux-x86_64-cpython-37/mmdet3d/core/points
copying mmdet3d/core/points/lidar_points.py -> build/lib.linux-x86_64-cpython-37/mmdet3d/core/points
creating build/lib.linux-x86_64-cpython-37/mmdet3d/core/anchor
copying mmdet3d/core/anchor/anchor_3d_generator.py -> build/lib.linux-x86_64-cpython-37/mmdet3d/core/anchor
copying mmdet3d/core/anchor/__init__.py -> build/lib.linux-x86_64-cpython-37/mmdet3d/core/anchor
creating build/lib.linux-x86_64-cpython-37/mmdet3d/core/post_processing
copying mmdet3d/core/post_processing/merge_augs.py -> build/lib.linux-x86_64-cpython-37/mmdet3d/core/post_processing
copying mmdet3d/core/post_processing/__init__.py -> build/lib.linux-x86_64-cpython-37/mmdet3d/core/post_processing
copying mmdet3d/core/post_processing/box3d_nms.py -> build/lib.linux-x86_64-cpython-37/mmdet3d/core/post_processing
creating build/lib.linux-x86_64-cpython-37/mmdet3d/core/visualizer
copying mmdet3d/core/visualizer/show_result.py -> build/lib.linux-x86_64-cpython-37/mmdet3d/core/visualizer
copying mmdet3d/core/visualizer/open3d_vis.py -> build/lib.linux-x86_64-cpython-37/mmdet3d/core/visualizer
copying mmdet3d/core/visualizer/__init__.py -> build/lib.linux-x86_64-cpython-37/mmdet3d/core/visualizer
copying mmdet3d/core/visualizer/image_vis.py -> build/lib.linux-x86_64-cpython-37/mmdet3d/core/visualizer
creating build/lib.linux-x86_64-cpython-37/mmdet3d/core/bbox
copying mmdet3d/core/bbox/transforms.py -> build/lib.linux-x86_64-cpython-37/mmdet3d/core/bbox
copying mmdet3d/core/bbox/__init__.py -> build/lib.linux-x86_64-cpython-37/mmdet3d/core/bbox
copying mmdet3d/core/bbox/box_np_ops.py -> build/lib.linux-x86_64-cpython-37/mmdet3d/core/bbox
creating build/lib.linux-x86_64-cpython-37/mmdet3d/core/evaluation/kitti_utils
copying mmdet3d/core/evaluation/kitti_utils/rotate_iou.py -> build/lib.linux-x86_64-cpython-37/mmdet3d/core/evaluation/kitti_utils
copying mmdet3d/core/evaluation/kitti_utils/eval.py -> build/lib.linux-x86_64-cpython-37/mmdet3d/core/evaluation/kitti_utils
copying mmdet3d/core/evaluation/kitti_utils/__init__.py -> build/lib.linux-x86_64-cpython-37/mmdet3d/core/evaluation/kitti_utils
creating build/lib.linux-x86_64-cpython-37/mmdet3d/core/bbox/structures
copying mmdet3d/core/bbox/structures/depth_box3d.py -> build/lib.linux-x86_64-cpython-37/mmdet3d/core/bbox/structures
copying mmdet3d/core/bbox/structures/utils.py -> build/lib.linux-x86_64-cpython-37/mmdet3d/core/bbox/structures
copying mmdet3d/core/bbox/structures/base_box3d.py -> build/lib.linux-x86_64-cpython-37/mmdet3d/core/bbox/structures
copying mmdet3d/core/bbox/structures/lidar_box3d.py -> build/lib.linux-x86_64-cpython-37/mmdet3d/core/bbox/structures
copying mmdet3d/core/bbox/structures/box_3d_mode.py -> build/lib.linux-x86_64-cpython-37/mmdet3d/core/bbox/structures
copying mmdet3d/core/bbox/structures/__init__.py -> build/lib.linux-x86_64-cpython-37/mmdet3d/core/bbox/structures
copying mmdet3d/core/bbox/structures/coord_3d_mode.py -> build/lib.linux-x86_64-cpython-37/mmdet3d/core/bbox/structures
copying mmdet3d/core/bbox/structures/cam_box3d.py -> build/lib.linux-x86_64-cpython-37/mmdet3d/core/bbox/structures
creating build/lib.linux-x86_64-cpython-37/mmdet3d/core/bbox/iou_calculators
copying mmdet3d/core/bbox/iou_calculators/__init__.py -> build/lib.linux-x86_64-cpython-37/mmdet3d/core/bbox/iou_calculators
copying mmdet3d/core/bbox/iou_calculators/iou3d_calculator.py -> build/lib.linux-x86_64-cpython-37/mmdet3d/core/bbox/iou_calculators
creating build/lib.linux-x86_64-cpython-37/mmdet3d/core/bbox/coders
copying mmdet3d/core/bbox/coders/centerpoint_bbox_coders.py -> build/lib.linux-x86_64-cpython-37/mmdet3d/core/bbox/coders
copying mmdet3d/core/bbox/coders/groupfree3d_bbox_coder.py -> build/lib.linux-x86_64-cpython-37/mmdet3d/core/bbox/coders
copying mmdet3d/core/bbox/coders/partial_bin_based_bbox_coder.py -> build/lib.linux-x86_64-cpython-37/mmdet3d/core/bbox/coders
copying mmdet3d/core/bbox/coders/delta_xyzwhlr_bbox_coder.py -> build/lib.linux-x86_64-cpython-37/mmdet3d/core/bbox/coders
copying mmdet3d/core/bbox/coders/anchor_free_bbox_coder.py -> build/lib.linux-x86_64-cpython-37/mmdet3d/core/bbox/coders
copying mmdet3d/core/bbox/coders/__init__.py -> build/lib.linux-x86_64-cpython-37/mmdet3d/core/bbox/coders
creating build/lib.linux-x86_64-cpython-37/mmdet3d/core/bbox/samplers
copying mmdet3d/core/bbox/samplers/iou_neg_piecewise_sampler.py -> build/lib.linux-x86_64-cpython-37/mmdet3d/core/bbox/samplers
copying mmdet3d/core/bbox/samplers/__init__.py -> build/lib.linux-x86_64-cpython-37/mmdet3d/core/bbox/samplers
creating build/lib.linux-x86_64-cpython-37/mmdet3d/core/bbox/assigners
copying mmdet3d/core/bbox/assigners/__init__.py -> build/lib.linux-x86_64-cpython-37/mmdet3d/core/bbox/assigners
creating build/lib.linux-x86_64-cpython-37/mmdet3d/datasets/pipelines
copying mmdet3d/datasets/pipelines/test_time_aug.py -> build/lib.linux-x86_64-cpython-37/mmdet3d/datasets/pipelines
copying mmdet3d/datasets/pipelines/formating.py -> build/lib.linux-x86_64-cpython-37/mmdet3d/datasets/pipelines
copying mmdet3d/datasets/pipelines/loading.py -> build/lib.linux-x86_64-cpython-37/mmdet3d/datasets/pipelines
copying mmdet3d/datasets/pipelines/__init__.py -> build/lib.linux-x86_64-cpython-37/mmdet3d/datasets/pipelines
copying mmdet3d/datasets/pipelines/data_augment_utils.py -> build/lib.linux-x86_64-cpython-37/mmdet3d/datasets/pipelines
copying mmdet3d/datasets/pipelines/dbsampler.py -> build/lib.linux-x86_64-cpython-37/mmdet3d/datasets/pipelines
copying mmdet3d/datasets/pipelines/transforms_3d.py -> build/lib.linux-x86_64-cpython-37/mmdet3d/datasets/pipelines
creating build/lib.linux-x86_64-cpython-37/mmdet3d/ops/gather_points
copying mmdet3d/ops/gather_points/gather_points.py -> build/lib.linux-x86_64-cpython-37/mmdet3d/ops/gather_points
copying mmdet3d/ops/gather_points/__init__.py -> build/lib.linux-x86_64-cpython-37/mmdet3d/ops/gather_points
creating build/lib.linux-x86_64-cpython-37/mmdet3d/ops/knn
copying mmdet3d/ops/knn/__init__.py -> build/lib.linux-x86_64-cpython-37/mmdet3d/ops/knn
copying mmdet3d/ops/knn/knn.py -> build/lib.linux-x86_64-cpython-37/mmdet3d/ops/knn
creating build/lib.linux-x86_64-cpython-37/mmdet3d/ops/voxel_pooling
copying mmdet3d/ops/voxel_pooling/__init__.py -> build/lib.linux-x86_64-cpython-37/mmdet3d/ops/voxel_pooling
copying mmdet3d/ops/voxel_pooling/voxel_pooling.py -> build/lib.linux-x86_64-cpython-37/mmdet3d/ops/voxel_pooling
creating build/lib.linux-x86_64-cpython-37/mmdet3d/ops/paconv
copying mmdet3d/ops/paconv/assign_score.py -> build/lib.linux-x86_64-cpython-37/mmdet3d/ops/paconv
copying mmdet3d/ops/paconv/utils.py -> build/lib.linux-x86_64-cpython-37/mmdet3d/ops/paconv
copying mmdet3d/ops/paconv/paconv.py -> build/lib.linux-x86_64-cpython-37/mmdet3d/ops/paconv
copying mmdet3d/ops/paconv/__init__.py -> build/lib.linux-x86_64-cpython-37/mmdet3d/ops/paconv
creating build/lib.linux-x86_64-cpython-37/mmdet3d/ops/voxel
copying mmdet3d/ops/voxel/voxelize.py -> build/lib.linux-x86_64-cpython-37/mmdet3d/ops/voxel
copying mmdet3d/ops/voxel/scatter_points.py -> build/lib.linux-x86_64-cpython-37/mmdet3d/ops/voxel
copying mmdet3d/ops/voxel/__init__.py -> build/lib.linux-x86_64-cpython-37/mmdet3d/ops/voxel
creating build/lib.linux-x86_64-cpython-37/mmdet3d/ops/spconv
copying mmdet3d/ops/spconv/structure.py -> build/lib.linux-x86_64-cpython-37/mmdet3d/ops/spconv
copying mmdet3d/ops/spconv/pool.py -> build/lib.linux-x86_64-cpython-37/mmdet3d/ops/spconv
copying mmdet3d/ops/spconv/functional.py -> build/lib.linux-x86_64-cpython-37/mmdet3d/ops/spconv
copying mmdet3d/ops/spconv/modules.py -> build/lib.linux-x86_64-cpython-37/mmdet3d/ops/spconv
copying mmdet3d/ops/spconv/conv.py -> build/lib.linux-x86_64-cpython-37/mmdet3d/ops/spconv
copying mmdet3d/ops/spconv/ops.py -> build/lib.linux-x86_64-cpython-37/mmdet3d/ops/spconv
copying mmdet3d/ops/spconv/__init__.py -> build/lib.linux-x86_64-cpython-37/mmdet3d/ops/spconv
copying mmdet3d/ops/spconv/test_utils.py -> build/lib.linux-x86_64-cpython-37/mmdet3d/ops/spconv
creating build/lib.linux-x86_64-cpython-37/mmdet3d/ops/furthest_point_sample
copying mmdet3d/ops/furthest_point_sample/utils.py -> build/lib.linux-x86_64-cpython-37/mmdet3d/ops/furthest_point_sample
copying mmdet3d/ops/furthest_point_sample/points_sampler.py -> build/lib.linux-x86_64-cpython-37/mmdet3d/ops/furthest_point_sample
copying mmdet3d/ops/furthest_point_sample/__init__.py -> build/lib.linux-x86_64-cpython-37/mmdet3d/ops/furthest_point_sample
copying mmdet3d/ops/furthest_point_sample/furthest_point_sample.py -> build/lib.linux-x86_64-cpython-37/mmdet3d/ops/furthest_point_sample
creating build/lib.linux-x86_64-cpython-37/mmdet3d/ops/ball_query
copying mmdet3d/ops/ball_query/ball_query.py -> build/lib.linux-x86_64-cpython-37/mmdet3d/ops/ball_query
copying mmdet3d/ops/ball_query/__init__.py -> build/lib.linux-x86_64-cpython-37/mmdet3d/ops/ball_query
creating build/lib.linux-x86_64-cpython-37/mmdet3d/ops/pointnet_modules
copying mmdet3d/ops/pointnet_modules/__init__.py -> build/lib.linux-x86_64-cpython-37/mmdet3d/ops/pointnet_modules
copying mmdet3d/ops/pointnet_modules/point_fp_module.py -> build/lib.linux-x86_64-cpython-37/mmdet3d/ops/pointnet_modules
copying mmdet3d/ops/pointnet_modules/builder.py -> build/lib.linux-x86_64-cpython-37/mmdet3d/ops/pointnet_modules
copying mmdet3d/ops/pointnet_modules/point_sa_module.py -> build/lib.linux-x86_64-cpython-37/mmdet3d/ops/pointnet_modules
copying mmdet3d/ops/pointnet_modules/paconv_sa_module.py -> build/lib.linux-x86_64-cpython-37/mmdet3d/ops/pointnet_modules
creating build/lib.linux-x86_64-cpython-37/mmdet3d/ops/voxel_pooling_stereo
copying mmdet3d/ops/voxel_pooling_stereo/__init__.py -> build/lib.linux-x86_64-cpython-37/mmdet3d/ops/voxel_pooling_stereo
copying mmdet3d/ops/voxel_pooling_stereo/voxel_pooling.py -> build/lib.linux-x86_64-cpython-37/mmdet3d/ops/voxel_pooling_stereo
creating build/lib.linux-x86_64-cpython-37/mmdet3d/ops/interpolate
copying mmdet3d/ops/interpolate/__init__.py -> build/lib.linux-x86_64-cpython-37/mmdet3d/ops/interpolate
copying mmdet3d/ops/interpolate/three_interpolate.py -> build/lib.linux-x86_64-cpython-37/mmdet3d/ops/interpolate
copying mmdet3d/ops/interpolate/three_nn.py -> build/lib.linux-x86_64-cpython-37/mmdet3d/ops/interpolate
creating build/lib.linux-x86_64-cpython-37/mmdet3d/ops/iou3d
copying mmdet3d/ops/iou3d/__init__.py -> build/lib.linux-x86_64-cpython-37/mmdet3d/ops/iou3d
copying mmdet3d/ops/iou3d/iou3d_utils.py -> build/lib.linux-x86_64-cpython-37/mmdet3d/ops/iou3d
creating build/lib.linux-x86_64-cpython-37/mmdet3d/ops/roiaware_pool3d
copying mmdet3d/ops/roiaware_pool3d/__init__.py -> build/lib.linux-x86_64-cpython-37/mmdet3d/ops/roiaware_pool3d
copying mmdet3d/ops/roiaware_pool3d/points_in_boxes.py -> build/lib.linux-x86_64-cpython-37/mmdet3d/ops/roiaware_pool3d
copying mmdet3d/ops/roiaware_pool3d/roiaware_pool3d.py -> build/lib.linux-x86_64-cpython-37/mmdet3d/ops/roiaware_pool3d
creating build/lib.linux-x86_64-cpython-37/mmdet3d/ops/group_points
copying mmdet3d/ops/group_points/__init__.py -> build/lib.linux-x86_64-cpython-37/mmdet3d/ops/group_points
copying mmdet3d/ops/group_points/group_points.py -> build/lib.linux-x86_64-cpython-37/mmdet3d/ops/group_points
creating build/lib.linux-x86_64-cpython-37/mmdet3d/ops/bev_pool
copying mmdet3d/ops/bev_pool/bev_pool.py -> build/lib.linux-x86_64-cpython-37/mmdet3d/ops/bev_pool
copying mmdet3d/ops/bev_pool/__init__.py -> build/lib.linux-x86_64-cpython-37/mmdet3d/ops/bev_pool
creating build/lib.linux-x86_64-cpython-37/mmdet3d/models/utils
copying mmdet3d/models/utils/clip_sigmoid.py -> build/lib.linux-x86_64-cpython-37/mmdet3d/models/utils
copying mmdet3d/models/utils/mlp.py -> build/lib.linux-x86_64-cpython-37/mmdet3d/models/utils
copying mmdet3d/models/utils/__init__.py -> build/lib.linux-x86_64-cpython-37/mmdet3d/models/utils
creating build/lib.linux-x86_64-cpython-37/mmdet3d/models/segmentors
copying mmdet3d/models/segmentors/base.py -> build/lib.linux-x86_64-cpython-37/mmdet3d/models/segmentors
copying mmdet3d/models/segmentors/encoder_decoder.py -> build/lib.linux-x86_64-cpython-37/mmdet3d/models/segmentors
copying mmdet3d/models/segmentors/__init__.py -> build/lib.linux-x86_64-cpython-37/mmdet3d/models/segmentors
creating build/lib.linux-x86_64-cpython-37/mmdet3d/models/roi_heads
copying mmdet3d/models/roi_heads/part_aggregation_roi_head.py -> build/lib.linux-x86_64-cpython-37/mmdet3d/models/roi_heads
copying mmdet3d/models/roi_heads/__init__.py -> build/lib.linux-x86_64-cpython-37/mmdet3d/models/roi_heads
copying mmdet3d/models/roi_heads/base_3droi_head.py -> build/lib.linux-x86_64-cpython-37/mmdet3d/models/roi_heads
copying mmdet3d/models/roi_heads/h3d_roi_head.py -> build/lib.linux-x86_64-cpython-37/mmdet3d/models/roi_heads
creating build/lib.linux-x86_64-cpython-37/mmdet3d/models/losses
copying mmdet3d/models/losses/chamfer_distance.py -> build/lib.linux-x86_64-cpython-37/mmdet3d/models/losses
copying mmdet3d/models/losses/axis_aligned_iou_loss.py -> build/lib.linux-x86_64-cpython-37/mmdet3d/models/losses
copying mmdet3d/models/losses/__init__.py -> build/lib.linux-x86_64-cpython-37/mmdet3d/models/losses
copying mmdet3d/models/losses/paconv_regularization_loss.py -> build/lib.linux-x86_64-cpython-37/mmdet3d/models/losses
creating build/lib.linux-x86_64-cpython-37/mmdet3d/models/middle_encoders
copying mmdet3d/models/middle_encoders/sparse_unet.py -> build/lib.linux-x86_64-cpython-37/mmdet3d/models/middle_encoders
copying mmdet3d/models/middle_encoders/__init__.py -> build/lib.linux-x86_64-cpython-37/mmdet3d/models/middle_encoders
copying mmdet3d/models/middle_encoders/sparse_encoder.py -> build/lib.linux-x86_64-cpython-37/mmdet3d/models/middle_encoders
copying mmdet3d/models/middle_encoders/pillar_scatter.py -> build/lib.linux-x86_64-cpython-37/mmdet3d/models/middle_encoders
creating build/lib.linux-x86_64-cpython-37/mmdet3d/models/voxel_encoders
copying mmdet3d/models/voxel_encoders/pillar_encoder.py -> build/lib.linux-x86_64-cpython-37/mmdet3d/models/voxel_encoders
copying mmdet3d/models/voxel_encoders/utils.py -> build/lib.linux-x86_64-cpython-37/mmdet3d/models/voxel_encoders
copying mmdet3d/models/voxel_encoders/voxel_encoder.py -> build/lib.linux-x86_64-cpython-37/mmdet3d/models/voxel_encoders
copying mmdet3d/models/voxel_encoders/__init__.py -> build/lib.linux-x86_64-cpython-37/mmdet3d/models/voxel_encoders
creating build/lib.linux-x86_64-cpython-37/mmdet3d/models/backbones
copying mmdet3d/models/backbones/pointnet2_sa_msg.py -> build/lib.linux-x86_64-cpython-37/mmdet3d/models/backbones
copying mmdet3d/models/backbones/nostem_regnet.py -> build/lib.linux-x86_64-cpython-37/mmdet3d/models/backbones
copying mmdet3d/models/backbones/__init__.py -> build/lib.linux-x86_64-cpython-37/mmdet3d/models/backbones
copying mmdet3d/models/backbones/base_pointnet.py -> build/lib.linux-x86_64-cpython-37/mmdet3d/models/backbones
copying mmdet3d/models/backbones/multi_backbone.py -> build/lib.linux-x86_64-cpython-37/mmdet3d/models/backbones
copying mmdet3d/models/backbones/pointnet2_sa_ssg.py -> build/lib.linux-x86_64-cpython-37/mmdet3d/models/backbones
copying mmdet3d/models/backbones/second.py -> build/lib.linux-x86_64-cpython-37/mmdet3d/models/backbones
creating build/lib.linux-x86_64-cpython-37/mmdet3d/models/model_utils
copying mmdet3d/models/model_utils/vote_module.py -> build/lib.linux-x86_64-cpython-37/mmdet3d/models/model_utils
copying mmdet3d/models/model_utils/transformer.py -> build/lib.linux-x86_64-cpython-37/mmdet3d/models/model_utils
copying mmdet3d/models/model_utils/__init__.py -> build/lib.linux-x86_64-cpython-37/mmdet3d/models/model_utils
creating build/lib.linux-x86_64-cpython-37/mmdet3d/models/necks
copying mmdet3d/models/necks/imvoxel_neck.py -> build/lib.linux-x86_64-cpython-37/mmdet3d/models/necks
copying mmdet3d/models/necks/second_fpn.py -> build/lib.linux-x86_64-cpython-37/mmdet3d/models/necks
copying mmdet3d/models/necks/__init__.py -> build/lib.linux-x86_64-cpython-37/mmdet3d/models/necks
creating build/lib.linux-x86_64-cpython-37/mmdet3d/models/dense_heads
copying mmdet3d/models/dense_heads/fcos_mono3d_head.py -> build/lib.linux-x86_64-cpython-37/mmdet3d/models/dense_heads
copying mmdet3d/models/dense_heads/shape_aware_head.py -> build/lib.linux-x86_64-cpython-37/mmdet3d/models/dense_heads
copying mmdet3d/models/dense_heads/base_conv_bbox_head.py -> build/lib.linux-x86_64-cpython-37/mmdet3d/models/dense_heads
copying mmdet3d/models/dense_heads/free_anchor3d_head.py -> build/lib.linux-x86_64-cpython-37/mmdet3d/models/dense_heads
copying mmdet3d/models/dense_heads/anchor3d_head.py -> build/lib.linux-x86_64-cpython-37/mmdet3d/models/dense_heads
copying mmdet3d/models/dense_heads/ssd_3d_head.py -> build/lib.linux-x86_64-cpython-37/mmdet3d/models/dense_heads
copying mmdet3d/models/dense_heads/parta2_rpn_head.py -> build/lib.linux-x86_64-cpython-37/mmdet3d/models/dense_heads
copying mmdet3d/models/dense_heads/vote_head.py -> build/lib.linux-x86_64-cpython-37/mmdet3d/models/dense_heads
copying mmdet3d/models/dense_heads/groupfree3d_head.py -> build/lib.linux-x86_64-cpython-37/mmdet3d/models/dense_heads
copying mmdet3d/models/dense_heads/__init__.py -> build/lib.linux-x86_64-cpython-37/mmdet3d/models/dense_heads
copying mmdet3d/models/dense_heads/train_mixins.py -> build/lib.linux-x86_64-cpython-37/mmdet3d/models/dense_heads
copying mmdet3d/models/dense_heads/base_mono3d_dense_head.py -> build/lib.linux-x86_64-cpython-37/mmdet3d/models/dense_heads
copying mmdet3d/models/dense_heads/centerpoint_head.py -> build/lib.linux-x86_64-cpython-37/mmdet3d/models/dense_heads
copying mmdet3d/models/dense_heads/anchor_free_mono3d_head.py -> build/lib.linux-x86_64-cpython-37/mmdet3d/models/dense_heads
creating build/lib.linux-x86_64-cpython-37/mmdet3d/models/detectors
copying mmdet3d/models/detectors/parta2.py -> build/lib.linux-x86_64-cpython-37/mmdet3d/models/detectors
copying mmdet3d/models/detectors/h3dnet.py -> build/lib.linux-x86_64-cpython-37/mmdet3d/models/detectors
copying mmdet3d/models/detectors/votenet.py -> build/lib.linux-x86_64-cpython-37/mmdet3d/models/detectors
copying mmdet3d/models/detectors/mvx_faster_rcnn.py -> build/lib.linux-x86_64-cpython-37/mmdet3d/models/detectors
copying mmdet3d/models/detectors/groupfree3dnet.py -> build/lib.linux-x86_64-cpython-37/mmdet3d/models/detectors
copying mmdet3d/models/detectors/dynamic_voxelnet.py -> build/lib.linux-x86_64-cpython-37/mmdet3d/models/detectors
copying mmdet3d/models/detectors/imvotenet.py -> build/lib.linux-x86_64-cpython-37/mmdet3d/models/detectors
copying mmdet3d/models/detectors/two_stage.py -> build/lib.linux-x86_64-cpython-37/mmdet3d/models/detectors
copying mmdet3d/models/detectors/imvoxelnet.py -> build/lib.linux-x86_64-cpython-37/mmdet3d/models/detectors
copying mmdet3d/models/detectors/fcos_mono3d.py -> build/lib.linux-x86_64-cpython-37/mmdet3d/models/detectors
copying mmdet3d/models/detectors/voxelnet.py -> build/lib.linux-x86_64-cpython-37/mmdet3d/models/detectors
copying mmdet3d/models/detectors/base.py -> build/lib.linux-x86_64-cpython-37/mmdet3d/models/detectors
copying mmdet3d/models/detectors/mvx_two_stage.py -> build/lib.linux-x86_64-cpython-37/mmdet3d/models/detectors
copying mmdet3d/models/detectors/__init__.py -> build/lib.linux-x86_64-cpython-37/mmdet3d/models/detectors
copying mmdet3d/models/detectors/single_stage.py -> build/lib.linux-x86_64-cpython-37/mmdet3d/models/detectors
copying mmdet3d/models/detectors/single_stage_mono3d.py -> build/lib.linux-x86_64-cpython-37/mmdet3d/models/detectors
copying mmdet3d/models/detectors/centerpoint.py -> build/lib.linux-x86_64-cpython-37/mmdet3d/models/detectors
copying mmdet3d/models/detectors/ssd3dnet.py -> build/lib.linux-x86_64-cpython-37/mmdet3d/models/detectors
creating build/lib.linux-x86_64-cpython-37/mmdet3d/models/fusion_layers
copying mmdet3d/models/fusion_layers/coord_transform.py -> build/lib.linux-x86_64-cpython-37/mmdet3d/models/fusion_layers
copying mmdet3d/models/fusion_layers/__init__.py -> build/lib.linux-x86_64-cpython-37/mmdet3d/models/fusion_layers
copying mmdet3d/models/fusion_layers/vote_fusion.py -> build/lib.linux-x86_64-cpython-37/mmdet3d/models/fusion_layers
copying mmdet3d/models/fusion_layers/point_fusion.py -> build/lib.linux-x86_64-cpython-37/mmdet3d/models/fusion_layers
creating build/lib.linux-x86_64-cpython-37/mmdet3d/models/decode_heads
copying mmdet3d/models/decode_heads/decode_head.py -> build/lib.linux-x86_64-cpython-37/mmdet3d/models/decode_heads
copying mmdet3d/models/decode_heads/__init__.py -> build/lib.linux-x86_64-cpython-37/mmdet3d/models/decode_heads
copying mmdet3d/models/decode_heads/paconv_head.py -> build/lib.linux-x86_64-cpython-37/mmdet3d/models/decode_heads
copying mmdet3d/models/decode_heads/pointnet2_head.py -> build/lib.linux-x86_64-cpython-37/mmdet3d/models/decode_heads
creating build/lib.linux-x86_64-cpython-37/mmdet3d/models/roi_heads/bbox_heads
copying mmdet3d/models/roi_heads/bbox_heads/h3d_bbox_head.py -> build/lib.linux-x86_64-cpython-37/mmdet3d/models/roi_heads/bbox_heads
copying mmdet3d/models/roi_heads/bbox_heads/parta2_bbox_head.py -> build/lib.linux-x86_64-cpython-37/mmdet3d/models/roi_heads/bbox_heads
copying mmdet3d/models/roi_heads/bbox_heads/__init__.py -> build/lib.linux-x86_64-cpython-37/mmdet3d/models/roi_heads/bbox_heads
creating build/lib.linux-x86_64-cpython-37/mmdet3d/models/roi_heads/mask_heads
copying mmdet3d/models/roi_heads/mask_heads/primitive_head.py -> build/lib.linux-x86_64-cpython-37/mmdet3d/models/roi_heads/mask_heads
copying mmdet3d/models/roi_heads/mask_heads/__init__.py -> build/lib.linux-x86_64-cpython-37/mmdet3d/models/roi_heads/mask_heads
copying mmdet3d/models/roi_heads/mask_heads/pointwise_semantic_head.py -> build/lib.linux-x86_64-cpython-37/mmdet3d/models/roi_heads/mask_heads
creating build/lib.linux-x86_64-cpython-37/mmdet3d/models/roi_heads/roi_extractors
copying mmdet3d/models/roi_heads/roi_extractors/single_roiaware_extractor.py -> build/lib.linux-x86_64-cpython-37/mmdet3d/models/roi_heads/roi_extractors
copying mmdet3d/models/roi_heads/roi_extractors/__init__.py -> build/lib.linux-x86_64-cpython-37/mmdet3d/models/roi_heads/roi_extractors
/ailab/user/wangxuhong/.conda/envs/occformer/lib/python3.7/site-packages/setuptools/command/build_py.py:202: SetuptoolsDeprecationWarning:     Installing 'mmdet3d.ops.ball_query.src' as data is deprecated, please list it in `packages`.
    !!


    ############################
    # Package would be ignored #
    ############################
    Python recognizes 'mmdet3d.ops.ball_query.src' as an importable package,
    but it is not listed in the `packages` configuration of setuptools.

    'mmdet3d.ops.ball_query.src' has been automatically added to the distribution only
    because it may contain data files, but this behavior is likely to change
    in future versions of setuptools (and therefore is considered deprecated).

    Please make sure that 'mmdet3d.ops.ball_query.src' is included as a package by using
    the `packages` configuration field or the proper discovery methods
    (for example by using `find_namespace_packages(...)`/`find_namespace:`
    instead of `find_packages(...)`/`find:`).

    You can read more about "package discovery" and "data files" on setuptools
    documentation page.


!!

  check.warn(importable)
/ailab/user/wangxuhong/.conda/envs/occformer/lib/python3.7/site-packages/setuptools/command/build_py.py:202: SetuptoolsDeprecationWarning:     Installing 'mmdet3d.ops.bev_pool.src' as data is deprecated, please list it in `packages`.
    !!


    ############################
    # Package would be ignored #
    ############################
    Python recognizes 'mmdet3d.ops.bev_pool.src' as an importable package,
    but it is not listed in the `packages` configuration of setuptools.

    'mmdet3d.ops.bev_pool.src' has been automatically added to the distribution only
    because it may contain data files, but this behavior is likely to change
    in future versions of setuptools (and therefore is considered deprecated).

    Please make sure that 'mmdet3d.ops.bev_pool.src' is included as a package by using
    the `packages` configuration field or the proper discovery methods
    (for example by using `find_namespace_packages(...)`/`find_namespace:`
    instead of `find_packages(...)`/`find:`).

    You can read more about "package discovery" and "data files" on setuptools
    documentation page.


!!

  check.warn(importable)
/ailab/user/wangxuhong/.conda/envs/occformer/lib/python3.7/site-packages/setuptools/command/build_py.py:202: SetuptoolsDeprecationWarning:     Installing 'mmdet3d.ops.furthest_point_sample.src' as data is deprecated, please list it in `packages`.
    !!


    ############################
    # Package would be ignored #
    ############################
    Python recognizes 'mmdet3d.ops.furthest_point_sample.src' as an importable package,
    but it is not listed in the `packages` configuration of setuptools.

    'mmdet3d.ops.furthest_point_sample.src' has been automatically added to the distribution only
    because it may contain data files, but this behavior is likely to change
    in future versions of setuptools (and therefore is considered deprecated).

    Please make sure that 'mmdet3d.ops.furthest_point_sample.src' is included as a package by using
    the `packages` configuration field or the proper discovery methods
    (for example by using `find_namespace_packages(...)`/`find_namespace:`
    instead of `find_packages(...)`/`find:`).

    You can read more about "package discovery" and "data files" on setuptools
    documentation page.


!!

  check.warn(importable)
/ailab/user/wangxuhong/.conda/envs/occformer/lib/python3.7/site-packages/setuptools/command/build_py.py:202: SetuptoolsDeprecationWarning:     Installing 'mmdet3d.ops.gather_points.src' as data is deprecated, please list it in `packages`.
    !!


    ############################
    # Package would be ignored #
    ############################
    Python recognizes 'mmdet3d.ops.gather_points.src' as an importable package,
    but it is not listed in the `packages` configuration of setuptools.

    'mmdet3d.ops.gather_points.src' has been automatically added to the distribution only
    because it may contain data files, but this behavior is likely to change
    in future versions of setuptools (and therefore is considered deprecated).

    Please make sure that 'mmdet3d.ops.gather_points.src' is included as a package by using
    the `packages` configuration field or the proper discovery methods
    (for example by using `find_namespace_packages(...)`/`find_namespace:`
    instead of `find_packages(...)`/`find:`).

    You can read more about "package discovery" and "data files" on setuptools
    documentation page.


!!

  check.warn(importable)
/ailab/user/wangxuhong/.conda/envs/occformer/lib/python3.7/site-packages/setuptools/command/build_py.py:202: SetuptoolsDeprecationWarning:     Installing 'mmdet3d.ops.group_points.src' as data is deprecated, please list it in `packages`.
    !!


    ############################
    # Package would be ignored #
    ############################
    Python recognizes 'mmdet3d.ops.group_points.src' as an importable package,
    but it is not listed in the `packages` configuration of setuptools.

    'mmdet3d.ops.group_points.src' has been automatically added to the distribution only
    because it may contain data files, but this behavior is likely to change
    in future versions of setuptools (and therefore is considered deprecated).

    Please make sure that 'mmdet3d.ops.group_points.src' is included as a package by using
    the `packages` configuration field or the proper discovery methods
    (for example by using `find_namespace_packages(...)`/`find_namespace:`
    instead of `find_packages(...)`/`find:`).

    You can read more about "package discovery" and "data files" on setuptools
    documentation page.


!!

  check.warn(importable)
/ailab/user/wangxuhong/.conda/envs/occformer/lib/python3.7/site-packages/setuptools/command/build_py.py:202: SetuptoolsDeprecationWarning:     Installing 'mmdet3d.ops.interpolate.src' as data is deprecated, please list it in `packages`.
    !!


    ############################
    # Package would be ignored #
    ############################
    Python recognizes 'mmdet3d.ops.interpolate.src' as an importable package,
    but it is not listed in the `packages` configuration of setuptools.

    'mmdet3d.ops.interpolate.src' has been automatically added to the distribution only
    because it may contain data files, but this behavior is likely to change
    in future versions of setuptools (and therefore is considered deprecated).

    Please make sure that 'mmdet3d.ops.interpolate.src' is included as a package by using
    the `packages` configuration field or the proper discovery methods
    (for example by using `find_namespace_packages(...)`/`find_namespace:`
    instead of `find_packages(...)`/`find:`).

    You can read more about "package discovery" and "data files" on setuptools
    documentation page.


!!

  check.warn(importable)
/ailab/user/wangxuhong/.conda/envs/occformer/lib/python3.7/site-packages/setuptools/command/build_py.py:202: SetuptoolsDeprecationWarning:     Installing 'mmdet3d.ops.iou3d.src' as data is deprecated, please list it in `packages`.
    !!


    ############################
    # Package would be ignored #
    ############################
    Python recognizes 'mmdet3d.ops.iou3d.src' as an importable package,
    but it is not listed in the `packages` configuration of setuptools.

    'mmdet3d.ops.iou3d.src' has been automatically added to the distribution only
    because it may contain data files, but this behavior is likely to change
    in future versions of setuptools (and therefore is considered deprecated).

    Please make sure that 'mmdet3d.ops.iou3d.src' is included as a package by using
    the `packages` configuration field or the proper discovery methods
    (for example by using `find_namespace_packages(...)`/`find_namespace:`
    instead of `find_packages(...)`/`find:`).

    You can read more about "package discovery" and "data files" on setuptools
    documentation page.


!!

  check.warn(importable)
/ailab/user/wangxuhong/.conda/envs/occformer/lib/python3.7/site-packages/setuptools/command/build_py.py:202: SetuptoolsDeprecationWarning:     Installing 'mmdet3d.ops.knn.src' as data is deprecated, please list it in `packages`.
    !!


    ############################
    # Package would be ignored #
    ############################
    Python recognizes 'mmdet3d.ops.knn.src' as an importable package,
    but it is not listed in the `packages` configuration of setuptools.

    'mmdet3d.ops.knn.src' has been automatically added to the distribution only
    because it may contain data files, but this behavior is likely to change
    in future versions of setuptools (and therefore is considered deprecated).

    Please make sure that 'mmdet3d.ops.knn.src' is included as a package by using
    the `packages` configuration field or the proper discovery methods
    (for example by using `find_namespace_packages(...)`/`find_namespace:`
    instead of `find_packages(...)`/`find:`).

    You can read more about "package discovery" and "data files" on setuptools
    documentation page.


!!

  check.warn(importable)
/ailab/user/wangxuhong/.conda/envs/occformer/lib/python3.7/site-packages/setuptools/command/build_py.py:202: SetuptoolsDeprecationWarning:     Installing 'mmdet3d.ops.paconv.src' as data is deprecated, please list it in `packages`.
    !!


    ############################
    # Package would be ignored #
    ############################
    Python recognizes 'mmdet3d.ops.paconv.src' as an importable package,
    but it is not listed in the `packages` configuration of setuptools.

    'mmdet3d.ops.paconv.src' has been automatically added to the distribution only
    because it may contain data files, but this behavior is likely to change
    in future versions of setuptools (and therefore is considered deprecated).

    Please make sure that 'mmdet3d.ops.paconv.src' is included as a package by using
    the `packages` configuration field or the proper discovery methods
    (for example by using `find_namespace_packages(...)`/`find_namespace:`
    instead of `find_packages(...)`/`find:`).

    You can read more about "package discovery" and "data files" on setuptools
    documentation page.


!!

  check.warn(importable)
/ailab/user/wangxuhong/.conda/envs/occformer/lib/python3.7/site-packages/setuptools/command/build_py.py:202: SetuptoolsDeprecationWarning:     Installing 'mmdet3d.ops.roiaware_pool3d.src' as data is deprecated, please list it in `packages`.
    !!


    ############################
    # Package would be ignored #
    ############################
    Python recognizes 'mmdet3d.ops.roiaware_pool3d.src' as an importable package,
    but it is not listed in the `packages` configuration of setuptools.

    'mmdet3d.ops.roiaware_pool3d.src' has been automatically added to the distribution only
    because it may contain data files, but this behavior is likely to change
    in future versions of setuptools (and therefore is considered deprecated).

    Please make sure that 'mmdet3d.ops.roiaware_pool3d.src' is included as a package by using
    the `packages` configuration field or the proper discovery methods
    (for example by using `find_namespace_packages(...)`/`find_namespace:`
    instead of `find_packages(...)`/`find:`).

    You can read more about "package discovery" and "data files" on setuptools
    documentation page.


!!

  check.warn(importable)
/ailab/user/wangxuhong/.conda/envs/occformer/lib/python3.7/site-packages/setuptools/command/build_py.py:202: SetuptoolsDeprecationWarning:     Installing 'mmdet3d.ops.spconv.src' as data is deprecated, please list it in `packages`.
    !!


    ############################
    # Package would be ignored #
    ############################
    Python recognizes 'mmdet3d.ops.spconv.src' as an importable package,
    but it is not listed in the `packages` configuration of setuptools.

    'mmdet3d.ops.spconv.src' has been automatically added to the distribution only
    because it may contain data files, but this behavior is likely to change
    in future versions of setuptools (and therefore is considered deprecated).

    Please make sure that 'mmdet3d.ops.spconv.src' is included as a package by using
    the `packages` configuration field or the proper discovery methods
    (for example by using `find_namespace_packages(...)`/`find_namespace:`
    instead of `find_packages(...)`/`find:`).

    You can read more about "package discovery" and "data files" on setuptools
    documentation page.


!!

  check.warn(importable)
/ailab/user/wangxuhong/.conda/envs/occformer/lib/python3.7/site-packages/setuptools/command/build_py.py:202: SetuptoolsDeprecationWarning:     Installing 'mmdet3d.ops.voxel.src' as data is deprecated, please list it in `packages`.
    !!


    ############################
    # Package would be ignored #
    ############################
    Python recognizes 'mmdet3d.ops.voxel.src' as an importable package,
    but it is not listed in the `packages` configuration of setuptools.

    'mmdet3d.ops.voxel.src' has been automatically added to the distribution only
    because it may contain data files, but this behavior is likely to change
    in future versions of setuptools (and therefore is considered deprecated).

    Please make sure that 'mmdet3d.ops.voxel.src' is included as a package by using
    the `packages` configuration field or the proper discovery methods
    (for example by using `find_namespace_packages(...)`/`find_namespace:`
    instead of `find_packages(...)`/`find:`).

    You can read more about "package discovery" and "data files" on setuptools
    documentation page.


!!

  check.warn(importable)
/ailab/user/wangxuhong/.conda/envs/occformer/lib/python3.7/site-packages/setuptools/command/build_py.py:202: SetuptoolsDeprecationWarning:     Installing 'mmdet3d.ops.voxel_pooling.src' as data is deprecated, please list it in `packages`.
    !!


    ############################
    # Package would be ignored #
    ############################
    Python recognizes 'mmdet3d.ops.voxel_pooling.src' as an importable package,
    but it is not listed in the `packages` configuration of setuptools.

    'mmdet3d.ops.voxel_pooling.src' has been automatically added to the distribution only
    because it may contain data files, but this behavior is likely to change
    in future versions of setuptools (and therefore is considered deprecated).

    Please make sure that 'mmdet3d.ops.voxel_pooling.src' is included as a package by using
    the `packages` configuration field or the proper discovery methods
    (for example by using `find_namespace_packages(...)`/`find_namespace:`
    instead of `find_packages(...)`/`find:`).

    You can read more about "package discovery" and "data files" on setuptools
    documentation page.


!!

  check.warn(importable)
/ailab/user/wangxuhong/.conda/envs/occformer/lib/python3.7/site-packages/setuptools/command/build_py.py:202: SetuptoolsDeprecationWarning:     Installing 'mmdet3d.ops.voxel_pooling_stereo.src' as data is deprecated, please list it in `packages`.
    !!


    ############################
    # Package would be ignored #
    ############################
    Python recognizes 'mmdet3d.ops.voxel_pooling_stereo.src' as an importable package,
    but it is not listed in the `packages` configuration of setuptools.

    'mmdet3d.ops.voxel_pooling_stereo.src' has been automatically added to the distribution only
    because it may contain data files, but this behavior is likely to change
    in future versions of setuptools (and therefore is considered deprecated).

    Please make sure that 'mmdet3d.ops.voxel_pooling_stereo.src' is included as a package by using
    the `packages` configuration field or the proper discovery methods
    (for example by using `find_namespace_packages(...)`/`find_namespace:`
    instead of `find_packages(...)`/`find:`).

    You can read more about "package discovery" and "data files" on setuptools
    documentation page.


!!

  check.warn(importable)
creating build/lib.linux-x86_64-cpython-37/mmdet3d/.mim
copying mmdet3d/.mim/model-index.yml -> build/lib.linux-x86_64-cpython-37/mmdet3d/.mim
creating build/lib.linux-x86_64-cpython-37/mmdet3d/.mim/configs
creating build/lib.linux-x86_64-cpython-37/mmdet3d/.mim/configs/3dssd
copying mmdet3d/.mim/configs/3dssd/3dssd_4x4_kitti-3d-car.py -> build/lib.linux-x86_64-cpython-37/mmdet3d/.mim/configs/3dssd
copying mmdet3d/.mim/configs/3dssd/metafile.yml -> build/lib.linux-x86_64-cpython-37/mmdet3d/.mim/configs/3dssd
creating build/lib.linux-x86_64-cpython-37/mmdet3d/.mim/configs/_base_
copying mmdet3d/.mim/configs/_base_/default_runtime.py -> build/lib.linux-x86_64-cpython-37/mmdet3d/.mim/configs/_base_
creating build/lib.linux-x86_64-cpython-37/mmdet3d/.mim/configs/_base_/datasets
copying mmdet3d/.mim/configs/_base_/datasets/coco_instance.py -> build/lib.linux-x86_64-cpython-37/mmdet3d/.mim/configs/_base_/datasets
copying mmdet3d/.mim/configs/_base_/datasets/kitti-3d-3class.py -> build/lib.linux-x86_64-cpython-37/mmdet3d/.mim/configs/_base_/datasets
copying mmdet3d/.mim/configs/_base_/datasets/kitti-3d-car.py -> build/lib.linux-x86_64-cpython-37/mmdet3d/.mim/configs/_base_/datasets
copying mmdet3d/.mim/configs/_base_/datasets/lyft-3d.py -> build/lib.linux-x86_64-cpython-37/mmdet3d/.mim/configs/_base_/datasets
copying mmdet3d/.mim/configs/_base_/datasets/nuim_instance.py -> build/lib.linux-x86_64-cpython-37/mmdet3d/.mim/configs/_base_/datasets
copying mmdet3d/.mim/configs/_base_/datasets/nus-3d.py -> build/lib.linux-x86_64-cpython-37/mmdet3d/.mim/configs/_base_/datasets
copying mmdet3d/.mim/configs/_base_/datasets/nus-mono3d.py -> build/lib.linux-x86_64-cpython-37/mmdet3d/.mim/configs/_base_/datasets
copying mmdet3d/.mim/configs/_base_/datasets/range100_lyft-3d.py -> build/lib.linux-x86_64-cpython-37/mmdet3d/.mim/configs/_base_/datasets
copying mmdet3d/.mim/configs/_base_/datasets/s3dis-3d-5class.py -> build/lib.linux-x86_64-cpython-37/mmdet3d/.mim/configs/_base_/datasets
copying mmdet3d/.mim/configs/_base_/datasets/s3dis_seg-3d-13class.py -> build/lib.linux-x86_64-cpython-37/mmdet3d/.mim/configs/_base_/datasets
copying mmdet3d/.mim/configs/_base_/datasets/scannet-3d-18class.py -> build/lib.linux-x86_64-cpython-37/mmdet3d/.mim/configs/_base_/datasets
copying mmdet3d/.mim/configs/_base_/datasets/scannet_seg-3d-20class.py -> build/lib.linux-x86_64-cpython-37/mmdet3d/.mim/configs/_base_/datasets
copying mmdet3d/.mim/configs/_base_/datasets/sunrgbd-3d-10class.py -> build/lib.linux-x86_64-cpython-37/mmdet3d/.mim/configs/_base_/datasets
copying mmdet3d/.mim/configs/_base_/datasets/waymoD5-3d-3class.py -> build/lib.linux-x86_64-cpython-37/mmdet3d/.mim/configs/_base_/datasets
copying mmdet3d/.mim/configs/_base_/datasets/waymoD5-3d-car.py -> build/lib.linux-x86_64-cpython-37/mmdet3d/.mim/configs/_base_/datasets
creating build/lib.linux-x86_64-cpython-37/mmdet3d/.mim/configs/_base_/models
copying mmdet3d/.mim/configs/_base_/models/3dssd.py -> build/lib.linux-x86_64-cpython-37/mmdet3d/.mim/configs/_base_/models
copying mmdet3d/.mim/configs/_base_/models/cascade_mask_rcnn_r50_fpn.py -> build/lib.linux-x86_64-cpython-37/mmdet3d/.mim/configs/_base_/models
copying mmdet3d/.mim/configs/_base_/models/centerpoint_01voxel_second_secfpn_nus.py -> build/lib.linux-x86_64-cpython-37/mmdet3d/.mim/configs/_base_/models
copying mmdet3d/.mim/configs/_base_/models/centerpoint_02pillar_second_secfpn_nus.py -> build/lib.linux-x86_64-cpython-37/mmdet3d/.mim/configs/_base_/models
copying mmdet3d/.mim/configs/_base_/models/fcos3d.py -> build/lib.linux-x86_64-cpython-37/mmdet3d/.mim/configs/_base_/models
copying mmdet3d/.mim/configs/_base_/models/groupfree3d.py -> build/lib.linux-x86_64-cpython-37/mmdet3d/.mim/configs/_base_/models
copying mmdet3d/.mim/configs/_base_/models/h3dnet.py -> build/lib.linux-x86_64-cpython-37/mmdet3d/.mim/configs/_base_/models
copying mmdet3d/.mim/configs/_base_/models/hv_pointpillars_fpn_lyft.py -> build/lib.linux-x86_64-cpython-37/mmdet3d/.mim/configs/_base_/models
copying mmdet3d/.mim/configs/_base_/models/hv_pointpillars_fpn_nus.py -> build/lib.linux-x86_64-cpython-37/mmdet3d/.mim/configs/_base_/models
copying mmdet3d/.mim/configs/_base_/models/hv_pointpillars_fpn_range100_lyft.py -> build/lib.linux-x86_64-cpython-37/mmdet3d/.mim/configs/_base_/models
copying mmdet3d/.mim/configs/_base_/models/hv_pointpillars_secfpn_kitti.py -> build/lib.linux-x86_64-cpython-37/mmdet3d/.mim/configs/_base_/models
copying mmdet3d/.mim/configs/_base_/models/hv_pointpillars_secfpn_waymo.py -> build/lib.linux-x86_64-cpython-37/mmdet3d/.mim/configs/_base_/models
copying mmdet3d/.mim/configs/_base_/models/hv_second_secfpn_kitti.py -> build/lib.linux-x86_64-cpython-37/mmdet3d/.mim/configs/_base_/models
copying mmdet3d/.mim/configs/_base_/models/hv_second_secfpn_waymo.py -> build/lib.linux-x86_64-cpython-37/mmdet3d/.mim/configs/_base_/models
copying mmdet3d/.mim/configs/_base_/models/imvotenet_image.py -> build/lib.linux-x86_64-cpython-37/mmdet3d/.mim/configs/_base_/models
copying mmdet3d/.mim/configs/_base_/models/mask_rcnn_r50_fpn.py -> build/lib.linux-x86_64-cpython-37/mmdet3d/.mim/configs/_base_/models
copying mmdet3d/.mim/configs/_base_/models/paconv_cuda_ssg.py -> build/lib.linux-x86_64-cpython-37/mmdet3d/.mim/configs/_base_/models
copying mmdet3d/.mim/configs/_base_/models/paconv_ssg.py -> build/lib.linux-x86_64-cpython-37/mmdet3d/.mim/configs/_base_/models
copying mmdet3d/.mim/configs/_base_/models/parta2.py -> build/lib.linux-x86_64-cpython-37/mmdet3d/.mim/configs/_base_/models
copying mmdet3d/.mim/configs/_base_/models/pointnet2_msg.py -> build/lib.linux-x86_64-cpython-37/mmdet3d/.mim/configs/_base_/models
copying mmdet3d/.mim/configs/_base_/models/pointnet2_ssg.py -> build/lib.linux-x86_64-cpython-37/mmdet3d/.mim/configs/_base_/models
copying mmdet3d/.mim/configs/_base_/models/votenet.py -> build/lib.linux-x86_64-cpython-37/mmdet3d/.mim/configs/_base_/models
creating build/lib.linux-x86_64-cpython-37/mmdet3d/.mim/configs/_base_/schedules
copying mmdet3d/.mim/configs/_base_/schedules/cosine.py -> build/lib.linux-x86_64-cpython-37/mmdet3d/.mim/configs/_base_/schedules
copying mmdet3d/.mim/configs/_base_/schedules/cyclic_20e.py -> build/lib.linux-x86_64-cpython-37/mmdet3d/.mim/configs/_base_/schedules
copying mmdet3d/.mim/configs/_base_/schedules/cyclic_40e.py -> build/lib.linux-x86_64-cpython-37/mmdet3d/.mim/configs/_base_/schedules
copying mmdet3d/.mim/configs/_base_/schedules/mmdet_schedule_1x.py -> build/lib.linux-x86_64-cpython-37/mmdet3d/.mim/configs/_base_/schedules
copying mmdet3d/.mim/configs/_base_/schedules/schedule_2x.py -> build/lib.linux-x86_64-cpython-37/mmdet3d/.mim/configs/_base_/schedules
copying mmdet3d/.mim/configs/_base_/schedules/schedule_3x.py -> build/lib.linux-x86_64-cpython-37/mmdet3d/.mim/configs/_base_/schedules
copying mmdet3d/.mim/configs/_base_/schedules/seg_cosine_150e.py -> build/lib.linux-x86_64-cpython-37/mmdet3d/.mim/configs/_base_/schedules
copying mmdet3d/.mim/configs/_base_/schedules/seg_cosine_200e.py -> build/lib.linux-x86_64-cpython-37/mmdet3d/.mim/configs/_base_/schedules
copying mmdet3d/.mim/configs/_base_/schedules/seg_cosine_50e.py -> build/lib.linux-x86_64-cpython-37/mmdet3d/.mim/configs/_base_/schedules
creating build/lib.linux-x86_64-cpython-37/mmdet3d/.mim/configs/benchmark
copying mmdet3d/.mim/configs/benchmark/hv_PartA2_secfpn_4x8_cyclic_80e_pcdet_kitti-3d-3class.py -> build/lib.linux-x86_64-cpython-37/mmdet3d/.mim/configs/benchmark
copying mmdet3d/.mim/configs/benchmark/hv_pointpillars_secfpn_3x8_100e_det3d_kitti-3d-car.py -> build/lib.linux-x86_64-cpython-37/mmdet3d/.mim/configs/benchmark
copying mmdet3d/.mim/configs/benchmark/hv_pointpillars_secfpn_4x8_80e_pcdet_kitti-3d-3class.py -> build/lib.linux-x86_64-cpython-37/mmdet3d/.mim/configs/benchmark
copying mmdet3d/.mim/configs/benchmark/hv_second_secfpn_4x8_80e_pcdet_kitti-3d-3class.py -> build/lib.linux-x86_64-cpython-37/mmdet3d/.mim/configs/benchmark
creating build/lib.linux-x86_64-cpython-37/mmdet3d/.mim/configs/centerpoint
copying mmdet3d/.mim/configs/centerpoint/centerpoint_0075voxel_second_secfpn_4x8_cyclic_20e_nus.py -> build/lib.linux-x86_64-cpython-37/mmdet3d/.mim/configs/centerpoint
copying mmdet3d/.mim/configs/centerpoint/centerpoint_0075voxel_second_secfpn_circlenms_4x8_cyclic_20e_nus.py -> build/lib.linux-x86_64-cpython-37/mmdet3d/.mim/configs/centerpoint
copying mmdet3d/.mim/configs/centerpoint/centerpoint_0075voxel_second_secfpn_dcn_4x8_cyclic_20e_nus.py -> build/lib.linux-x86_64-cpython-37/mmdet3d/.mim/configs/centerpoint
copying mmdet3d/.mim/configs/centerpoint/centerpoint_0075voxel_second_secfpn_dcn_4x8_cyclic_flip-tta_20e_nus.py -> build/lib.linux-x86_64-cpython-37/mmdet3d/.mim/configs/centerpoint
copying mmdet3d/.mim/configs/centerpoint/centerpoint_0075voxel_second_secfpn_dcn_4x8_cyclic_tta_20e_nus.py -> build/lib.linux-x86_64-cpython-37/mmdet3d/.mim/configs/centerpoint
copying mmdet3d/.mim/configs/centerpoint/centerpoint_0075voxel_second_secfpn_dcn_circlenms_4x8_cyclic_20e_nus.py -> build/lib.linux-x86_64-cpython-37/mmdet3d/.mim/configs/centerpoint
copying mmdet3d/.mim/configs/centerpoint/centerpoint_0075voxel_second_secfpn_dcn_circlenms_4x8_cyclic_flip-tta_20e_nus.py -> build/lib.linux-x86_64-cpython-37/mmdet3d/.mim/configs/centerpoint
copying mmdet3d/.mim/configs/centerpoint/centerpoint_01voxel_second_secfpn_4x8_cyclic_20e_nus.py -> build/lib.linux-x86_64-cpython-37/mmdet3d/.mim/configs/centerpoint
copying mmdet3d/.mim/configs/centerpoint/centerpoint_01voxel_second_secfpn_circlenms_4x8_cyclic_20e_nus.py -> build/lib.linux-x86_64-cpython-37/mmdet3d/.mim/configs/centerpoint
copying mmdet3d/.mim/configs/centerpoint/centerpoint_01voxel_second_secfpn_dcn_4x8_cyclic_20e_nus.py -> build/lib.linux-x86_64-cpython-37/mmdet3d/.mim/configs/centerpoint
copying mmdet3d/.mim/configs/centerpoint/centerpoint_01voxel_second_secfpn_dcn_circlenms_4x8_cyclic_20e_nus.py -> build/lib.linux-x86_64-cpython-37/mmdet3d/.mim/configs/centerpoint
copying mmdet3d/.mim/configs/centerpoint/centerpoint_02pillar_second_secfpn_4x8_cyclic_20e_nus.py -> build/lib.linux-x86_64-cpython-37/mmdet3d/.mim/configs/centerpoint
copying mmdet3d/.mim/configs/centerpoint/centerpoint_02pillar_second_secfpn_circlenms_4x8_cyclic_20e_nus.py -> build/lib.linux-x86_64-cpython-37/mmdet3d/.mim/configs/centerpoint
copying mmdet3d/.mim/configs/centerpoint/centerpoint_02pillar_second_secfpn_dcn_4x8_cyclic_20e_nus.py -> build/lib.linux-x86_64-cpython-37/mmdet3d/.mim/configs/centerpoint
copying mmdet3d/.mim/configs/centerpoint/centerpoint_02pillar_second_secfpn_dcn_circlenms_4x8_cyclic_20e_nus.py -> build/lib.linux-x86_64-cpython-37/mmdet3d/.mim/configs/centerpoint
copying mmdet3d/.mim/configs/centerpoint/metafile.yml -> build/lib.linux-x86_64-cpython-37/mmdet3d/.mim/configs/centerpoint
creating build/lib.linux-x86_64-cpython-37/mmdet3d/.mim/configs/dynamic_voxelization
copying mmdet3d/.mim/configs/dynamic_voxelization/dv_pointpillars_secfpn_6x8_160e_kitti-3d-car.py -> build/lib.linux-x86_64-cpython-37/mmdet3d/.mim/configs/dynamic_voxelization
copying mmdet3d/.mim/configs/dynamic_voxelization/dv_second_secfpn_2x8_cosine_80e_kitti-3d-3class.py -> build/lib.linux-x86_64-cpython-37/mmdet3d/.mim/configs/dynamic_voxelization
copying mmdet3d/.mim/configs/dynamic_voxelization/dv_second_secfpn_6x8_80e_kitti-3d-car.py -> build/lib.linux-x86_64-cpython-37/mmdet3d/.mim/configs/dynamic_voxelization
copying mmdet3d/.mim/configs/dynamic_voxelization/metafile.yml -> build/lib.linux-x86_64-cpython-37/mmdet3d/.mim/configs/dynamic_voxelization
creating build/lib.linux-x86_64-cpython-37/mmdet3d/.mim/configs/fcos3d
copying mmdet3d/.mim/configs/fcos3d/fcos3d_r101_caffe_fpn_gn-head_dcn_2x8_1x_nus-mono3d.py -> build/lib.linux-x86_64-cpython-37/mmdet3d/.mim/configs/fcos3d
copying mmdet3d/.mim/configs/fcos3d/fcos3d_r101_caffe_fpn_gn-head_dcn_2x8_1x_nus-mono3d_finetune.py -> build/lib.linux-x86_64-cpython-37/mmdet3d/.mim/configs/fcos3d
copying mmdet3d/.mim/configs/fcos3d/metafile.yml -> build/lib.linux-x86_64-cpython-37/mmdet3d/.mim/configs/fcos3d
creating build/lib.linux-x86_64-cpython-37/mmdet3d/.mim/configs/fp16
copying mmdet3d/.mim/configs/fp16/hv_pointpillars_fpn_sbn-all_fp16_2x8_2x_nus-3d.py -> build/lib.linux-x86_64-cpython-37/mmdet3d/.mim/configs/fp16
copying mmdet3d/.mim/configs/fp16/hv_pointpillars_regnet-400mf_fpn_sbn-all_fp16_2x8_2x_nus-3d.py -> build/lib.linux-x86_64-cpython-37/mmdet3d/.mim/configs/fp16
copying mmdet3d/.mim/configs/fp16/hv_pointpillars_secfpn_sbn-all_fp16_2x8_2x_nus-3d.py -> build/lib.linux-x86_64-cpython-37/mmdet3d/.mim/configs/fp16
copying mmdet3d/.mim/configs/fp16/hv_second_secfpn_fp16_6x8_80e_kitti-3d-3class.py -> build/lib.linux-x86_64-cpython-37/mmdet3d/.mim/configs/fp16
copying mmdet3d/.mim/configs/fp16/hv_second_secfpn_fp16_6x8_80e_kitti-3d-car.py -> build/lib.linux-x86_64-cpython-37/mmdet3d/.mim/configs/fp16
copying mmdet3d/.mim/configs/fp16/metafile.yml -> build/lib.linux-x86_64-cpython-37/mmdet3d/.mim/configs/fp16
creating build/lib.linux-x86_64-cpython-37/mmdet3d/.mim/configs/free_anchor
copying mmdet3d/.mim/configs/free_anchor/hv_pointpillars_fpn_sbn-all_free-anchor_4x8_2x_nus-3d.py -> build/lib.linux-x86_64-cpython-37/mmdet3d/.mim/configs/free_anchor
copying mmdet3d/.mim/configs/free_anchor/hv_pointpillars_regnet-1.6gf_fpn_sbn-all_free-anchor_4x8_2x_nus-3d.py -> build/lib.linux-x86_64-cpython-37/mmdet3d/.mim/configs/free_anchor
copying mmdet3d/.mim/configs/free_anchor/hv_pointpillars_regnet-1.6gf_fpn_sbn-all_free-anchor_strong-aug_4x8_3x_nus-3d.py -> build/lib.linux-x86_64-cpython-37/mmdet3d/.mim/configs/free_anchor
copying mmdet3d/.mim/configs/free_anchor/hv_pointpillars_regnet-3.2gf_fpn_sbn-all_free-anchor_4x8_2x_nus-3d.py -> build/lib.linux-x86_64-cpython-37/mmdet3d/.mim/configs/free_anchor
copying mmdet3d/.mim/configs/free_anchor/hv_pointpillars_regnet-3.2gf_fpn_sbn-all_free-anchor_strong-aug_4x8_3x_nus-3d.py -> build/lib.linux-x86_64-cpython-37/mmdet3d/.mim/configs/free_anchor
copying mmdet3d/.mim/configs/free_anchor/hv_pointpillars_regnet-400mf_fpn_sbn-all_free-anchor_4x8_2x_nus-3d.py -> build/lib.linux-x86_64-cpython-37/mmdet3d/.mim/configs/free_anchor
copying mmdet3d/.mim/configs/free_anchor/metafile.yml -> build/lib.linux-x86_64-cpython-37/mmdet3d/.mim/configs/free_anchor
creating build/lib.linux-x86_64-cpython-37/mmdet3d/.mim/configs/groupfree3d
copying mmdet3d/.mim/configs/groupfree3d/groupfree3d_8x4_scannet-3d-18class-L12-O256.py -> build/lib.linux-x86_64-cpython-37/mmdet3d/.mim/configs/groupfree3d
copying mmdet3d/.mim/configs/groupfree3d/groupfree3d_8x4_scannet-3d-18class-L6-O256.py -> build/lib.linux-x86_64-cpython-37/mmdet3d/.mim/configs/groupfree3d
copying mmdet3d/.mim/configs/groupfree3d/groupfree3d_8x4_scannet-3d-18class-w2x-L12-O256.py -> build/lib.linux-x86_64-cpython-37/mmdet3d/.mim/configs/groupfree3d
copying mmdet3d/.mim/configs/groupfree3d/groupfree3d_8x4_scannet-3d-18class-w2x-L12-O512.py -> build/lib.linux-x86_64-cpython-37/mmdet3d/.mim/configs/groupfree3d
copying mmdet3d/.mim/configs/groupfree3d/metafile.yml -> build/lib.linux-x86_64-cpython-37/mmdet3d/.mim/configs/groupfree3d
creating build/lib.linux-x86_64-cpython-37/mmdet3d/.mim/configs/h3dnet
copying mmdet3d/.mim/configs/h3dnet/h3dnet_3x8_scannet-3d-18class.py -> build/lib.linux-x86_64-cpython-37/mmdet3d/.mim/configs/h3dnet
copying mmdet3d/.mim/configs/h3dnet/metafile.yml -> build/lib.linux-x86_64-cpython-37/mmdet3d/.mim/configs/h3dnet
creating build/lib.linux-x86_64-cpython-37/mmdet3d/.mim/configs/imvotenet
copying mmdet3d/.mim/configs/imvotenet/imvotenet_faster_rcnn_r50_fpn_2x4_sunrgbd-3d-10class.py -> build/lib.linux-x86_64-cpython-37/mmdet3d/.mim/configs/imvotenet
copying mmdet3d/.mim/configs/imvotenet/imvotenet_stage2_16x8_sunrgbd-3d-10class.py -> build/lib.linux-x86_64-cpython-37/mmdet3d/.mim/configs/imvotenet
copying mmdet3d/.mim/configs/imvotenet/metafile.yml -> build/lib.linux-x86_64-cpython-37/mmdet3d/.mim/configs/imvotenet
creating build/lib.linux-x86_64-cpython-37/mmdet3d/.mim/configs/imvoxelnet
copying mmdet3d/.mim/configs/imvoxelnet/imvoxelnet_4x8_kitti-3d-car.py -> build/lib.linux-x86_64-cpython-37/mmdet3d/.mim/configs/imvoxelnet
copying mmdet3d/.mim/configs/imvoxelnet/metafile.yml -> build/lib.linux-x86_64-cpython-37/mmdet3d/.mim/configs/imvoxelnet
creating build/lib.linux-x86_64-cpython-37/mmdet3d/.mim/configs/mvxnet
copying mmdet3d/.mim/configs/mvxnet/dv_mvx-fpn_second_secfpn_adamw_2x8_80e_kitti-3d-3class.py -> build/lib.linux-x86_64-cpython-37/mmdet3d/.mim/configs/mvxnet
copying mmdet3d/.mim/configs/mvxnet/metafile.yml -> build/lib.linux-x86_64-cpython-37/mmdet3d/.mim/configs/mvxnet
creating build/lib.linux-x86_64-cpython-37/mmdet3d/.mim/configs/nuimages
copying mmdet3d/.mim/configs/nuimages/cascade_mask_rcnn_r101_fpn_1x_nuim.py -> build/lib.linux-x86_64-cpython-37/mmdet3d/.mim/configs/nuimages
copying mmdet3d/.mim/configs/nuimages/cascade_mask_rcnn_r50_fpn_1x_nuim.py -> build/lib.linux-x86_64-cpython-37/mmdet3d/.mim/configs/nuimages
copying mmdet3d/.mim/configs/nuimages/cascade_mask_rcnn_r50_fpn_coco-20e_1x_nuim.py -> build/lib.linux-x86_64-cpython-37/mmdet3d/.mim/configs/nuimages
copying mmdet3d/.mim/configs/nuimages/cascade_mask_rcnn_r50_fpn_coco-20e_20e_nuim.py -> build/lib.linux-x86_64-cpython-37/mmdet3d/.mim/configs/nuimages
copying mmdet3d/.mim/configs/nuimages/cascade_mask_rcnn_x101_32x4d_fpn_1x_nuim.py -> build/lib.linux-x86_64-cpython-37/mmdet3d/.mim/configs/nuimages
copying mmdet3d/.mim/configs/nuimages/htc_r50_fpn_1x_nuim.py -> build/lib.linux-x86_64-cpython-37/mmdet3d/.mim/configs/nuimages
copying mmdet3d/.mim/configs/nuimages/htc_r50_fpn_coco-20e_1x_nuim.py -> build/lib.linux-x86_64-cpython-37/mmdet3d/.mim/configs/nuimages
copying mmdet3d/.mim/configs/nuimages/htc_r50_fpn_coco-20e_20e_nuim.py -> build/lib.linux-x86_64-cpython-37/mmdet3d/.mim/configs/nuimages
copying mmdet3d/.mim/configs/nuimages/htc_without_semantic_r50_fpn_1x_nuim.py -> build/lib.linux-x86_64-cpython-37/mmdet3d/.mim/configs/nuimages
copying mmdet3d/.mim/configs/nuimages/htc_x101_64x4d_fpn_dconv_c3-c5_coco-20e_16x1_20e_nuim.py -> build/lib.linux-x86_64-cpython-37/mmdet3d/.mim/configs/nuimages
copying mmdet3d/.mim/configs/nuimages/mask_rcnn_r101_fpn_1x_nuim.py -> build/lib.linux-x86_64-cpython-37/mmdet3d/.mim/configs/nuimages
copying mmdet3d/.mim/configs/nuimages/mask_rcnn_r50_caffe_fpn_1x_nuim.py -> build/lib.linux-x86_64-cpython-37/mmdet3d/.mim/configs/nuimages
copying mmdet3d/.mim/configs/nuimages/mask_rcnn_r50_caffe_fpn_coco-3x_1x_nuim.py -> build/lib.linux-x86_64-cpython-37/mmdet3d/.mim/configs/nuimages
copying mmdet3d/.mim/configs/nuimages/mask_rcnn_r50_caffe_fpn_coco-3x_20e_nuim.py -> build/lib.linux-x86_64-cpython-37/mmdet3d/.mim/configs/nuimages
copying mmdet3d/.mim/configs/nuimages/mask_rcnn_r50_fpn_1x_nuim.py -> build/lib.linux-x86_64-cpython-37/mmdet3d/.mim/configs/nuimages
copying mmdet3d/.mim/configs/nuimages/mask_rcnn_r50_fpn_coco-2x_1x_nuim.py -> build/lib.linux-x86_64-cpython-37/mmdet3d/.mim/configs/nuimages
copying mmdet3d/.mim/configs/nuimages/mask_rcnn_r50_fpn_coco-2x_1x_nus-2d.py -> build/lib.linux-x86_64-cpython-37/mmdet3d/.mim/configs/nuimages
copying mmdet3d/.mim/configs/nuimages/mask_rcnn_x101_32x4d_fpn_1x_nuim.py -> build/lib.linux-x86_64-cpython-37/mmdet3d/.mim/configs/nuimages
copying mmdet3d/.mim/configs/nuimages/metafile.yml -> build/lib.linux-x86_64-cpython-37/mmdet3d/.mim/configs/nuimages
creating build/lib.linux-x86_64-cpython-37/mmdet3d/.mim/configs/paconv
copying mmdet3d/.mim/configs/paconv/metafile.yml -> build/lib.linux-x86_64-cpython-37/mmdet3d/.mim/configs/paconv
copying mmdet3d/.mim/configs/paconv/paconv_cuda_ssg_8x8_cosine_200e_s3dis_seg-3d-13class.py -> build/lib.linux-x86_64-cpython-37/mmdet3d/.mim/configs/paconv
copying mmdet3d/.mim/configs/paconv/paconv_ssg_8x8_cosine_150e_s3dis_seg-3d-13class.py -> build/lib.linux-x86_64-cpython-37/mmdet3d/.mim/configs/paconv
creating build/lib.linux-x86_64-cpython-37/mmdet3d/.mim/configs/parta2
copying mmdet3d/.mim/configs/parta2/hv_PartA2_secfpn_2x8_cyclic_80e_kitti-3d-3class.py -> build/lib.linux-x86_64-cpython-37/mmdet3d/.mim/configs/parta2
copying mmdet3d/.mim/configs/parta2/hv_PartA2_secfpn_2x8_cyclic_80e_kitti-3d-car.py -> build/lib.linux-x86_64-cpython-37/mmdet3d/.mim/configs/parta2
copying mmdet3d/.mim/configs/parta2/metafile.yml -> build/lib.linux-x86_64-cpython-37/mmdet3d/.mim/configs/parta2
creating build/lib.linux-x86_64-cpython-37/mmdet3d/.mim/configs/pointnet2
copying mmdet3d/.mim/configs/pointnet2/metafile.yml -> build/lib.linux-x86_64-cpython-37/mmdet3d/.mim/configs/pointnet2
copying mmdet3d/.mim/configs/pointnet2/pointnet2_msg_16x2_cosine_250e_scannet_seg-3d-20class.py -> build/lib.linux-x86_64-cpython-37/mmdet3d/.mim/configs/pointnet2
copying mmdet3d/.mim/configs/pointnet2/pointnet2_msg_16x2_cosine_80e_s3dis_seg-3d-13class.py -> build/lib.linux-x86_64-cpython-37/mmdet3d/.mim/configs/pointnet2
copying mmdet3d/.mim/configs/pointnet2/pointnet2_msg_xyz-only_16x2_cosine_250e_scannet_seg-3d-20class.py -> build/lib.linux-x86_64-cpython-37/mmdet3d/.mim/configs/pointnet2
copying mmdet3d/.mim/configs/pointnet2/pointnet2_ssg_16x2_cosine_200e_scannet_seg-3d-20class.py -> build/lib.linux-x86_64-cpython-37/mmdet3d/.mim/configs/pointnet2
copying mmdet3d/.mim/configs/pointnet2/pointnet2_ssg_16x2_cosine_50e_s3dis_seg-3d-13class.py -> build/lib.linux-x86_64-cpython-37/mmdet3d/.mim/configs/pointnet2
copying mmdet3d/.mim/configs/pointnet2/pointnet2_ssg_xyz-only_16x2_cosine_200e_scannet_seg-3d-20class.py -> build/lib.linux-x86_64-cpython-37/mmdet3d/.mim/configs/pointnet2
creating build/lib.linux-x86_64-cpython-37/mmdet3d/.mim/configs/pointpillars
copying mmdet3d/.mim/configs/pointpillars/hv_pointpillars_fpn_sbn-all_2x8_2x_lyft-3d.py -> build/lib.linux-x86_64-cpython-37/mmdet3d/.mim/configs/pointpillars
copying mmdet3d/.mim/configs/pointpillars/hv_pointpillars_fpn_sbn-all_4x8_2x_nus-3d.py -> build/lib.linux-x86_64-cpython-37/mmdet3d/.mim/configs/pointpillars
copying mmdet3d/.mim/configs/pointpillars/hv_pointpillars_fpn_sbn-all_range100_2x8_2x_lyft-3d.py -> build/lib.linux-x86_64-cpython-37/mmdet3d/.mim/configs/pointpillars
copying mmdet3d/.mim/configs/pointpillars/hv_pointpillars_secfpn_6x8_160e_kitti-3d-3class.py -> build/lib.linux-x86_64-cpython-37/mmdet3d/.mim/configs/pointpillars
copying mmdet3d/.mim/configs/pointpillars/hv_pointpillars_secfpn_6x8_160e_kitti-3d-car.py -> build/lib.linux-x86_64-cpython-37/mmdet3d/.mim/configs/pointpillars
copying mmdet3d/.mim/configs/pointpillars/hv_pointpillars_secfpn_sbn-all_2x8_2x_lyft-3d.py -> build/lib.linux-x86_64-cpython-37/mmdet3d/.mim/configs/pointpillars
copying mmdet3d/.mim/configs/pointpillars/hv_pointpillars_secfpn_sbn-all_4x8_2x_nus-3d.py -> build/lib.linux-x86_64-cpython-37/mmdet3d/.mim/configs/pointpillars
copying mmdet3d/.mim/configs/pointpillars/hv_pointpillars_secfpn_sbn-all_range100_2x8_2x_lyft-3d.py -> build/lib.linux-x86_64-cpython-37/mmdet3d/.mim/configs/pointpillars
copying mmdet3d/.mim/configs/pointpillars/hv_pointpillars_secfpn_sbn_2x16_2x_waymo-3d-3class.py -> build/lib.linux-x86_64-cpython-37/mmdet3d/.mim/configs/pointpillars
copying mmdet3d/.mim/configs/pointpillars/hv_pointpillars_secfpn_sbn_2x16_2x_waymo-3d-car.py -> build/lib.linux-x86_64-cpython-37/mmdet3d/.mim/configs/pointpillars
copying mmdet3d/.mim/configs/pointpillars/hv_pointpillars_secfpn_sbn_2x16_2x_waymoD5-3d-3class.py -> build/lib.linux-x86_64-cpython-37/mmdet3d/.mim/configs/pointpillars
copying mmdet3d/.mim/configs/pointpillars/hv_pointpillars_secfpn_sbn_2x16_2x_waymoD5-3d-car.py -> build/lib.linux-x86_64-cpython-37/mmdet3d/.mim/configs/pointpillars
copying mmdet3d/.mim/configs/pointpillars/metafile.yml -> build/lib.linux-x86_64-cpython-37/mmdet3d/.mim/configs/pointpillars
creating build/lib.linux-x86_64-cpython-37/mmdet3d/.mim/configs/regnet
copying mmdet3d/.mim/configs/regnet/hv_pointpillars_regnet-1.6gf_fpn_sbn-all_4x8_2x_nus-3d.py -> build/lib.linux-x86_64-cpython-37/mmdet3d/.mim/configs/regnet
copying mmdet3d/.mim/configs/regnet/hv_pointpillars_regnet-400mf_fpn_sbn-all_2x8_2x_lyft-3d.py -> build/lib.linux-x86_64-cpython-37/mmdet3d/.mim/configs/regnet
copying mmdet3d/.mim/configs/regnet/hv_pointpillars_regnet-400mf_fpn_sbn-all_4x8_2x_nus-3d.py -> build/lib.linux-x86_64-cpython-37/mmdet3d/.mim/configs/regnet
copying mmdet3d/.mim/configs/regnet/hv_pointpillars_regnet-400mf_fpn_sbn-all_range100_2x8_2x_lyft-3d.py -> build/lib.linux-x86_64-cpython-37/mmdet3d/.mim/configs/regnet
copying mmdet3d/.mim/configs/regnet/hv_pointpillars_regnet-400mf_secfpn_sbn-all_2x8_2x_lyft-3d.py -> build/lib.linux-x86_64-cpython-37/mmdet3d/.mim/configs/regnet
copying mmdet3d/.mim/configs/regnet/hv_pointpillars_regnet-400mf_secfpn_sbn-all_4x8_2x_nus-3d.py -> build/lib.linux-x86_64-cpython-37/mmdet3d/.mim/configs/regnet
copying mmdet3d/.mim/configs/regnet/hv_pointpillars_regnet-400mf_secfpn_sbn-all_range100_2x8_2x_lyft-3d.py -> build/lib.linux-x86_64-cpython-37/mmdet3d/.mim/configs/regnet
copying mmdet3d/.mim/configs/regnet/metafile.yml -> build/lib.linux-x86_64-cpython-37/mmdet3d/.mim/configs/regnet
creating build/lib.linux-x86_64-cpython-37/mmdet3d/.mim/configs/second
copying mmdet3d/.mim/configs/second/hv_second_secfpn_6x8_80e_kitti-3d-3class.py -> build/lib.linux-x86_64-cpython-37/mmdet3d/.mim/configs/second
copying mmdet3d/.mim/configs/second/hv_second_secfpn_6x8_80e_kitti-3d-car.py -> build/lib.linux-x86_64-cpython-37/mmdet3d/.mim/configs/second
copying mmdet3d/.mim/configs/second/hv_second_secfpn_sbn_2x16_2x_waymoD5-3d-3class.py -> build/lib.linux-x86_64-cpython-37/mmdet3d/.mim/configs/second
copying mmdet3d/.mim/configs/second/metafile.yml -> build/lib.linux-x86_64-cpython-37/mmdet3d/.mim/configs/second
creating build/lib.linux-x86_64-cpython-37/mmdet3d/.mim/configs/ssn
copying mmdet3d/.mim/configs/ssn/hv_ssn_regnet-400mf_secfpn_sbn-all_1x16_2x_lyft-3d.py -> build/lib.linux-x86_64-cpython-37/mmdet3d/.mim/configs/ssn
copying mmdet3d/.mim/configs/ssn/hv_ssn_regnet-400mf_secfpn_sbn-all_2x16_2x_nus-3d.py -> build/lib.linux-x86_64-cpython-37/mmdet3d/.mim/configs/ssn
copying mmdet3d/.mim/configs/ssn/hv_ssn_secfpn_sbn-all_2x16_2x_lyft-3d.py -> build/lib.linux-x86_64-cpython-37/mmdet3d/.mim/configs/ssn
copying mmdet3d/.mim/configs/ssn/hv_ssn_secfpn_sbn-all_2x16_2x_nus-3d.py -> build/lib.linux-x86_64-cpython-37/mmdet3d/.mim/configs/ssn
copying mmdet3d/.mim/configs/ssn/metafile.yml -> build/lib.linux-x86_64-cpython-37/mmdet3d/.mim/configs/ssn
creating build/lib.linux-x86_64-cpython-37/mmdet3d/.mim/configs/votenet
copying mmdet3d/.mim/configs/votenet/metafile.yml -> build/lib.linux-x86_64-cpython-37/mmdet3d/.mim/configs/votenet
copying mmdet3d/.mim/configs/votenet/votenet_16x8_sunrgbd-3d-10class.py -> build/lib.linux-x86_64-cpython-37/mmdet3d/.mim/configs/votenet
copying mmdet3d/.mim/configs/votenet/votenet_8x8_scannet-3d-18class.py -> build/lib.linux-x86_64-cpython-37/mmdet3d/.mim/configs/votenet
copying mmdet3d/.mim/configs/votenet/votenet_iouloss_8x8_scannet-3d-18class.py -> build/lib.linux-x86_64-cpython-37/mmdet3d/.mim/configs/votenet
creating build/lib.linux-x86_64-cpython-37/mmdet3d/.mim/tools
copying mmdet3d/.mim/tools/create_data.py -> build/lib.linux-x86_64-cpython-37/mmdet3d/.mim/tools
copying mmdet3d/.mim/tools/create_data.sh -> build/lib.linux-x86_64-cpython-37/mmdet3d/.mim/tools
copying mmdet3d/.mim/tools/dist_test.sh -> build/lib.linux-x86_64-cpython-37/mmdet3d/.mim/tools
copying mmdet3d/.mim/tools/dist_train.sh -> build/lib.linux-x86_64-cpython-37/mmdet3d/.mim/tools
copying mmdet3d/.mim/tools/slurm_test.sh -> build/lib.linux-x86_64-cpython-37/mmdet3d/.mim/tools
copying mmdet3d/.mim/tools/slurm_train.sh -> build/lib.linux-x86_64-cpython-37/mmdet3d/.mim/tools
copying mmdet3d/.mim/tools/test.py -> build/lib.linux-x86_64-cpython-37/mmdet3d/.mim/tools
copying mmdet3d/.mim/tools/train.py -> build/lib.linux-x86_64-cpython-37/mmdet3d/.mim/tools
creating build/lib.linux-x86_64-cpython-37/mmdet3d/.mim/tools/analysis_tools
copying mmdet3d/.mim/tools/analysis_tools/analyze_logs.py -> build/lib.linux-x86_64-cpython-37/mmdet3d/.mim/tools/analysis_tools
copying mmdet3d/.mim/tools/analysis_tools/benchmark.py -> build/lib.linux-x86_64-cpython-37/mmdet3d/.mim/tools/analysis_tools
copying mmdet3d/.mim/tools/analysis_tools/get_flops.py -> build/lib.linux-x86_64-cpython-37/mmdet3d/.mim/tools/analysis_tools
creating build/lib.linux-x86_64-cpython-37/mmdet3d/.mim/tools/data_converter
copying mmdet3d/.mim/tools/data_converter/__init__.py -> build/lib.linux-x86_64-cpython-37/mmdet3d/.mim/tools/data_converter
copying mmdet3d/.mim/tools/data_converter/create_gt_database.py -> build/lib.linux-x86_64-cpython-37/mmdet3d/.mim/tools/data_converter
copying mmdet3d/.mim/tools/data_converter/indoor_converter.py -> build/lib.linux-x86_64-cpython-37/mmdet3d/.mim/tools/data_converter
copying mmdet3d/.mim/tools/data_converter/kitti_converter.py -> build/lib.linux-x86_64-cpython-37/mmdet3d/.mim/tools/data_converter
copying mmdet3d/.mim/tools/data_converter/kitti_data_utils.py -> build/lib.linux-x86_64-cpython-37/mmdet3d/.mim/tools/data_converter
copying mmdet3d/.mim/tools/data_converter/lyft_converter.py -> build/lib.linux-x86_64-cpython-37/mmdet3d/.mim/tools/data_converter
copying mmdet3d/.mim/tools/data_converter/lyft_data_fixer.py -> build/lib.linux-x86_64-cpython-37/mmdet3d/.mim/tools/data_converter
copying mmdet3d/.mim/tools/data_converter/nuimage_converter.py -> build/lib.linux-x86_64-cpython-37/mmdet3d/.mim/tools/data_converter
copying mmdet3d/.mim/tools/data_converter/nuscenes_converter.py -> build/lib.linux-x86_64-cpython-37/mmdet3d/.mim/tools/data_converter
copying mmdet3d/.mim/tools/data_converter/s3dis_data_utils.py -> build/lib.linux-x86_64-cpython-37/mmdet3d/.mim/tools/data_converter
copying mmdet3d/.mim/tools/data_converter/scannet_data_utils.py -> build/lib.linux-x86_64-cpython-37/mmdet3d/.mim/tools/data_converter
copying mmdet3d/.mim/tools/data_converter/sunrgbd_data_utils.py -> build/lib.linux-x86_64-cpython-37/mmdet3d/.mim/tools/data_converter
copying mmdet3d/.mim/tools/data_converter/waymo_converter.py -> build/lib.linux-x86_64-cpython-37/mmdet3d/.mim/tools/data_converter
creating build/lib.linux-x86_64-cpython-37/mmdet3d/.mim/tools/misc
copying mmdet3d/.mim/tools/misc/browse_dataset.py -> build/lib.linux-x86_64-cpython-37/mmdet3d/.mim/tools/misc
copying mmdet3d/.mim/tools/misc/fuse_conv_bn.py -> build/lib.linux-x86_64-cpython-37/mmdet3d/.mim/tools/misc
copying mmdet3d/.mim/tools/misc/print_config.py -> build/lib.linux-x86_64-cpython-37/mmdet3d/.mim/tools/misc
copying mmdet3d/.mim/tools/misc/visualize_results.py -> build/lib.linux-x86_64-cpython-37/mmdet3d/.mim/tools/misc
creating build/lib.linux-x86_64-cpython-37/mmdet3d/.mim/tools/model_converters
copying mmdet3d/.mim/tools/model_converters/convert_votenet_checkpoints.py -> build/lib.linux-x86_64-cpython-37/mmdet3d/.mim/tools/model_converters
copying mmdet3d/.mim/tools/model_converters/publish_model.py -> build/lib.linux-x86_64-cpython-37/mmdet3d/.mim/tools/model_converters
copying mmdet3d/.mim/tools/model_converters/regnet2mmdet.py -> build/lib.linux-x86_64-cpython-37/mmdet3d/.mim/tools/model_converters
creating build/lib.linux-x86_64-cpython-37/mmdet3d/ops/gather_points/src
copying mmdet3d/ops/gather_points/src/gather_points.cpp -> build/lib.linux-x86_64-cpython-37/mmdet3d/ops/gather_points/src
copying mmdet3d/ops/gather_points/src/gather_points_cuda.cu -> build/lib.linux-x86_64-cpython-37/mmdet3d/ops/gather_points/src
creating build/lib.linux-x86_64-cpython-37/mmdet3d/ops/knn/src
copying mmdet3d/ops/knn/src/knn.cpp -> build/lib.linux-x86_64-cpython-37/mmdet3d/ops/knn/src
copying mmdet3d/ops/knn/src/knn_cuda.cu -> build/lib.linux-x86_64-cpython-37/mmdet3d/ops/knn/src
creating build/lib.linux-x86_64-cpython-37/mmdet3d/ops/voxel_pooling/src
copying mmdet3d/ops/voxel_pooling/src/voxel_pooling_forward.cpp -> build/lib.linux-x86_64-cpython-37/mmdet3d/ops/voxel_pooling/src
copying mmdet3d/ops/voxel_pooling/src/voxel_pooling_forward_cuda.cu -> build/lib.linux-x86_64-cpython-37/mmdet3d/ops/voxel_pooling/src
creating build/lib.linux-x86_64-cpython-37/mmdet3d/ops/paconv/src
copying mmdet3d/ops/paconv/src/assign_score_withk.cpp -> build/lib.linux-x86_64-cpython-37/mmdet3d/ops/paconv/src
copying mmdet3d/ops/paconv/src/assign_score_withk_cuda.cu -> build/lib.linux-x86_64-cpython-37/mmdet3d/ops/paconv/src
creating build/lib.linux-x86_64-cpython-37/mmdet3d/ops/voxel/src
copying mmdet3d/ops/voxel/src/scatter_points_cpu.cpp -> build/lib.linux-x86_64-cpython-37/mmdet3d/ops/voxel/src
copying mmdet3d/ops/voxel/src/scatter_points_cuda.cu -> build/lib.linux-x86_64-cpython-37/mmdet3d/ops/voxel/src
copying mmdet3d/ops/voxel/src/voxelization.cpp -> build/lib.linux-x86_64-cpython-37/mmdet3d/ops/voxel/src
copying mmdet3d/ops/voxel/src/voxelization_cpu.cpp -> build/lib.linux-x86_64-cpython-37/mmdet3d/ops/voxel/src
copying mmdet3d/ops/voxel/src/voxelization_cuda.cu -> build/lib.linux-x86_64-cpython-37/mmdet3d/ops/voxel/src
creating build/lib.linux-x86_64-cpython-37/mmdet3d/ops/spconv/src
copying mmdet3d/ops/spconv/src/all.cc -> build/lib.linux-x86_64-cpython-37/mmdet3d/ops/spconv/src
copying mmdet3d/ops/spconv/src/indice.cc -> build/lib.linux-x86_64-cpython-37/mmdet3d/ops/spconv/src
copying mmdet3d/ops/spconv/src/indice_cuda.cu -> build/lib.linux-x86_64-cpython-37/mmdet3d/ops/spconv/src
copying mmdet3d/ops/spconv/src/maxpool.cc -> build/lib.linux-x86_64-cpython-37/mmdet3d/ops/spconv/src
copying mmdet3d/ops/spconv/src/maxpool_cuda.cu -> build/lib.linux-x86_64-cpython-37/mmdet3d/ops/spconv/src
copying mmdet3d/ops/spconv/src/reordering.cc -> build/lib.linux-x86_64-cpython-37/mmdet3d/ops/spconv/src
copying mmdet3d/ops/spconv/src/reordering_cuda.cu -> build/lib.linux-x86_64-cpython-37/mmdet3d/ops/spconv/src
creating build/lib.linux-x86_64-cpython-37/mmdet3d/ops/furthest_point_sample/src
copying mmdet3d/ops/furthest_point_sample/src/furthest_point_sample.cpp -> build/lib.linux-x86_64-cpython-37/mmdet3d/ops/furthest_point_sample/src
copying mmdet3d/ops/furthest_point_sample/src/furthest_point_sample_cuda.cu -> build/lib.linux-x86_64-cpython-37/mmdet3d/ops/furthest_point_sample/src
creating build/lib.linux-x86_64-cpython-37/mmdet3d/ops/ball_query/src
copying mmdet3d/ops/ball_query/src/ball_query.cpp -> build/lib.linux-x86_64-cpython-37/mmdet3d/ops/ball_query/src
copying mmdet3d/ops/ball_query/src/ball_query_cuda.cu -> build/lib.linux-x86_64-cpython-37/mmdet3d/ops/ball_query/src
creating build/lib.linux-x86_64-cpython-37/mmdet3d/ops/voxel_pooling_stereo/src
copying mmdet3d/ops/voxel_pooling_stereo/src/voxel_pooling_forward.cpp -> build/lib.linux-x86_64-cpython-37/mmdet3d/ops/voxel_pooling_stereo/src
copying mmdet3d/ops/voxel_pooling_stereo/src/voxel_pooling_forward_cuda.cu -> build/lib.linux-x86_64-cpython-37/mmdet3d/ops/voxel_pooling_stereo/src
creating build/lib.linux-x86_64-cpython-37/mmdet3d/ops/interpolate/src
copying mmdet3d/ops/interpolate/src/interpolate.cpp -> build/lib.linux-x86_64-cpython-37/mmdet3d/ops/interpolate/src
copying mmdet3d/ops/interpolate/src/three_interpolate_cuda.cu -> build/lib.linux-x86_64-cpython-37/mmdet3d/ops/interpolate/src
copying mmdet3d/ops/interpolate/src/three_nn_cuda.cu -> build/lib.linux-x86_64-cpython-37/mmdet3d/ops/interpolate/src
creating build/lib.linux-x86_64-cpython-37/mmdet3d/ops/iou3d/src
copying mmdet3d/ops/iou3d/src/iou3d.cpp -> build/lib.linux-x86_64-cpython-37/mmdet3d/ops/iou3d/src
copying mmdet3d/ops/iou3d/src/iou3d_kernel.cu -> build/lib.linux-x86_64-cpython-37/mmdet3d/ops/iou3d/src
creating build/lib.linux-x86_64-cpython-37/mmdet3d/ops/roiaware_pool3d/src
copying mmdet3d/ops/roiaware_pool3d/src/points_in_boxes_cpu.cpp -> build/lib.linux-x86_64-cpython-37/mmdet3d/ops/roiaware_pool3d/src
copying mmdet3d/ops/roiaware_pool3d/src/points_in_boxes_cuda.cu -> build/lib.linux-x86_64-cpython-37/mmdet3d/ops/roiaware_pool3d/src
copying mmdet3d/ops/roiaware_pool3d/src/roiaware_pool3d.cpp -> build/lib.linux-x86_64-cpython-37/mmdet3d/ops/roiaware_pool3d/src
copying mmdet3d/ops/roiaware_pool3d/src/roiaware_pool3d_kernel.cu -> build/lib.linux-x86_64-cpython-37/mmdet3d/ops/roiaware_pool3d/src
creating build/lib.linux-x86_64-cpython-37/mmdet3d/ops/group_points/src
copying mmdet3d/ops/group_points/src/group_points.cpp -> build/lib.linux-x86_64-cpython-37/mmdet3d/ops/group_points/src
copying mmdet3d/ops/group_points/src/group_points_cuda.cu -> build/lib.linux-x86_64-cpython-37/mmdet3d/ops/group_points/src
creating build/lib.linux-x86_64-cpython-37/mmdet3d/ops/bev_pool/src
copying mmdet3d/ops/bev_pool/src/bev_pool.cpp -> build/lib.linux-x86_64-cpython-37/mmdet3d/ops/bev_pool/src
copying mmdet3d/ops/bev_pool/src/bev_pool_cuda.cu -> build/lib.linux-x86_64-cpython-37/mmdet3d/ops/bev_pool/src
running build_ext
Traceback (most recent call last):
  File "setup.py", line 330, in <module>
    zip_safe=False)
  File "/ailab/user/wangxuhong/.conda/envs/occformer/lib/python3.7/site-packages/setuptools/__init__.py", line 87, in setup
    return distutils.core.setup(**attrs)
  File "/ailab/user/wangxuhong/.conda/envs/occformer/lib/python3.7/site-packages/setuptools/_distutils/core.py", line 185, in setup
    return run_commands(dist)
  File "/ailab/user/wangxuhong/.conda/envs/occformer/lib/python3.7/site-packages/setuptools/_distutils/core.py", line 201, in run_commands
    dist.run_commands()
  File "/ailab/user/wangxuhong/.conda/envs/occformer/lib/python3.7/site-packages/setuptools/_distutils/dist.py", line 969, in run_commands
    self.run_command(cmd)
  File "/ailab/user/wangxuhong/.conda/envs/occformer/lib/python3.7/site-packages/setuptools/dist.py", line 1208, in run_command
    super().run_command(command)
  File "/ailab/user/wangxuhong/.conda/envs/occformer/lib/python3.7/site-packages/setuptools/_distutils/dist.py", line 988, in run_command
    cmd_obj.run()
  File "/ailab/user/wangxuhong/.conda/envs/occformer/lib/python3.7/site-packages/setuptools/command/install.py", line 74, in run
    self.do_egg_install()
  File "/ailab/user/wangxuhong/.conda/envs/occformer/lib/python3.7/site-packages/setuptools/command/install.py", line 123, in do_egg_install
    self.run_command('bdist_egg')
  File "/ailab/user/wangxuhong/.conda/envs/occformer/lib/python3.7/site-packages/setuptools/_distutils/cmd.py", line 318, in run_command
    self.distribution.run_command(command)
  File "/ailab/user/wangxuhong/.conda/envs/occformer/lib/python3.7/site-packages/setuptools/dist.py", line 1208, in run_command
    super().run_command(command)
  File "/ailab/user/wangxuhong/.conda/envs/occformer/lib/python3.7/site-packages/setuptools/_distutils/dist.py", line 988, in run_command
    cmd_obj.run()
  File "/ailab/user/wangxuhong/.conda/envs/occformer/lib/python3.7/site-packages/setuptools/command/bdist_egg.py", line 165, in run
    cmd = self.call_command('install_lib', warn_dir=0)
  File "/ailab/user/wangxuhong/.conda/envs/occformer/lib/python3.7/site-packages/setuptools/command/bdist_egg.py", line 151, in call_command
    self.run_command(cmdname)
  File "/ailab/user/wangxuhong/.conda/envs/occformer/lib/python3.7/site-packages/setuptools/_distutils/cmd.py", line 318, in run_command
    self.distribution.run_command(command)
  File "/ailab/user/wangxuhong/.conda/envs/occformer/lib/python3.7/site-packages/setuptools/dist.py", line 1208, in run_command
    super().run_command(command)
  File "/ailab/user/wangxuhong/.conda/envs/occformer/lib/python3.7/site-packages/setuptools/_distutils/dist.py", line 988, in run_command
    cmd_obj.run()
  File "/ailab/user/wangxuhong/.conda/envs/occformer/lib/python3.7/site-packages/setuptools/command/install_lib.py", line 11, in run
    self.build()
  File "/ailab/user/wangxuhong/.conda/envs/occformer/lib/python3.7/site-packages/setuptools/_distutils/command/install_lib.py", line 112, in build
    self.run_command('build_ext')
  File "/ailab/user/wangxuhong/.conda/envs/occformer/lib/python3.7/site-packages/setuptools/_distutils/cmd.py", line 318, in run_command
    self.distribution.run_command(command)
  File "/ailab/user/wangxuhong/.conda/envs/occformer/lib/python3.7/site-packages/setuptools/dist.py", line 1208, in run_command
    super().run_command(command)
  File "/ailab/user/wangxuhong/.conda/envs/occformer/lib/python3.7/site-packages/setuptools/_distutils/dist.py", line 988, in run_command
    cmd_obj.run()
  File "/ailab/user/wangxuhong/.conda/envs/occformer/lib/python3.7/site-packages/setuptools/command/build_ext.py", line 84, in run
    _build_ext.run(self)
  File "/ailab/user/wangxuhong/.conda/envs/occformer/lib/python3.7/site-packages/setuptools/_distutils/command/build_ext.py", line 346, in run
    self.build_extensions()
  File "/ailab/user/wangxuhong/.conda/envs/occformer/lib/python3.7/site-packages/torch/utils/cpp_extension.py", line 404, in build_extensions
    self._check_cuda_version()
  File "/ailab/user/wangxuhong/.conda/envs/occformer/lib/python3.7/site-packages/torch/utils/cpp_extension.py", line 781, in _check_cuda_version
    raise RuntimeError(CUDA_MISMATCH_MESSAGE.format(cuda_str_version, torch.version.cuda))
RuntimeError: 
The detected CUDA version (12.1) mismatches the version that was used to compile
PyTorch (11.3). Please make sure to use the same CUDA versions.

